[    0.000000] Initializing cgroup subsys cpuset
[    0.000000] Initializing cgroup subsys cpu
[    0.000000] Initializing cgroup subsys cpuacct
[    0.000000] Linux version 4.4.0-165-generic (buildd@lgw01-amd64-027) (gcc version 5.4.0 20160609 (Ubuntu 5.4.0-6ubuntu1~16.04.10) ) #193-Ubuntu SMP Tue Sep 17 17:42:52 UTC 2019 (Ubuntu 4.4.0-165.193-generic 4.4.189)
[    0.000000] Command line: BOOT_IMAGE=/boot/vmlinuz-4.4.0-165-generic root=LABEL=cloudimg-rootfs ro console=tty1 console=ttyS0
[    0.000000] KERNEL supported cpus:
[    0.000000]   Intel GenuineIntel
[    0.000000]   AMD AuthenticAMD
[    0.000000]   Centaur CentaurHauls
[    0.000000] x86/fpu: xstate_offset[2]:  576, xstate_sizes[2]:  256
[    0.000000] x86/fpu: Supporting XSAVE feature 0x01: 'x87 floating point registers'
[    0.000000] x86/fpu: Supporting XSAVE feature 0x02: 'SSE registers'
[    0.000000] x86/fpu: Supporting XSAVE feature 0x04: 'AVX registers'
[    0.000000] x86/fpu: Enabled xstate features 0x7, context size is 832 bytes, using 'standard' format.
[    0.000000] e820: BIOS-provided physical RAM map:
[    0.000000] BIOS-e820: [mem 0x0000000000000000-0x000000000009fbff] usable
[    0.000000] BIOS-e820: [mem 0x000000000009fc00-0x000000000009ffff] reserved
[    0.000000] BIOS-e820: [mem 0x00000000000f0000-0x00000000000fffff] reserved
[    0.000000] BIOS-e820: [mem 0x0000000000100000-0x000000003ffeffff] usable
[    0.000000] BIOS-e820: [mem 0x000000003fff0000-0x000000003fffffff] ACPI data
[    0.000000] BIOS-e820: [mem 0x00000000fec00000-0x00000000fec00fff] reserved
[    0.000000] BIOS-e820: [mem 0x00000000fee00000-0x00000000fee00fff] reserved
[    0.000000] BIOS-e820: [mem 0x00000000fffc0000-0x00000000ffffffff] reserved
[    0.000000] NX (Execute Disable) protection: active
[    0.000000] SMBIOS 2.5 present.
[    0.000000] Hypervisor detected: KVM
[    0.000000] Kernel/User page tables isolation: disabled
[    0.000000] e820: last_pfn = 0x3fff0 max_arch_pfn = 0x400000000
[    0.000000] MTRR: Disabled
[    0.000000] x86/PAT: MTRRs disabled, skipping PAT initialization too.
[    0.000000] CPU MTRRs all blank - virtualized system.
[    0.000000] x86/PAT: Configuration [0-7]: WB  WT  UC- UC  WB  WT  UC- UC  
[    0.000000] found SMP MP-table at [mem 0x0009fff0-0x0009ffff] mapped at [ffff88000009fff0]
[    0.000000] Scanning 1 areas for low memory corruption
[    0.000000] RAMDISK: [mem 0x362fa000-0x37174fff]
[    0.000000] ACPI: Early table checksum verification disabled
[    0.000000] ACPI: RSDP 0x00000000000E0000 000024 (v02 VBOX  )
[    0.000000] ACPI: XSDT 0x000000003FFF0030 00003C (v01 VBOX   VBOXXSDT 00000001 ASL  00000061)
[    0.000000] ACPI: FACP 0x000000003FFF00F0 0000F4 (v04 VBOX   VBOXFACP 00000001 ASL  00000061)
[    0.000000] ACPI: DSDT 0x000000003FFF0470 0022EA (v02 VBOX   VBOXBIOS 00000002 INTL 20100528)
[    0.000000] ACPI: FACS 0x000000003FFF0200 000040
[    0.000000] ACPI: FACS 0x000000003FFF0200 000040
[    0.000000] ACPI: APIC 0x000000003FFF0240 00005C (v02 VBOX   VBOXAPIC 00000001 ASL  00000061)
[    0.000000] ACPI: SSDT 0x000000003FFF02A0 0001CC (v01 VBOX   VBOXCPUT 00000002 INTL 20100528)
[    0.000000] No NUMA configuration found
[    0.000000] Faking a node at [mem 0x0000000000000000-0x000000003ffeffff]
[    0.000000] NODE_DATA(0) allocated [mem 0x3ffeb000-0x3ffeffff]
[    0.000000] kvm-clock: Using msrs 4b564d01 and 4b564d00
[    0.000000] kvm-clock: cpu 0, msr 0:3ffe3001, primary cpu clock
[    0.000000] kvm-clock: using sched offset of 3234044159 cycles
[    0.000000] clocksource: kvm-clock: mask: 0xffffffffffffffff max_cycles: 0x1cd42e4dffb, max_idle_ns: 881590591483 ns
[    0.000000] Zone ranges:
[    0.000000]   DMA      [mem 0x0000000000001000-0x0000000000ffffff]
[    0.000000]   DMA32    [mem 0x0000000001000000-0x000000003ffeffff]
[    0.000000]   Normal   empty
[    0.000000]   Device   empty
[    0.000000] Movable zone start for each node
[    0.000000] Early memory node ranges
[    0.000000]   node   0: [mem 0x0000000000001000-0x000000000009efff]
[    0.000000]   node   0: [mem 0x0000000000100000-0x000000003ffeffff]
[    0.000000] Initmem setup node 0 [mem 0x0000000000001000-0x000000003ffeffff]
[    0.000000] ACPI: PM-Timer IO Port: 0x4008
[    0.000000] IOAPIC[0]: apic_id 2, version 32, address 0xfec00000, GSI 0-23
[    0.000000] ACPI: INT_SRC_OVR (bus 0 bus_irq 0 global_irq 2 dfl dfl)
[    0.000000] ACPI: INT_SRC_OVR (bus 0 bus_irq 9 global_irq 9 low level)
[    0.000000] Using ACPI (MADT) for SMP configuration information
[    0.000000] smpboot: Allowing 2 CPUs, 0 hotplug CPUs
[    0.000000] PM: Registered nosave memory: [mem 0x00000000-0x00000fff]
[    0.000000] PM: Registered nosave memory: [mem 0x0009f000-0x0009ffff]
[    0.000000] PM: Registered nosave memory: [mem 0x000a0000-0x000effff]
[    0.000000] PM: Registered nosave memory: [mem 0x000f0000-0x000fffff]
[    0.000000] e820: [mem 0x40000000-0xfebfffff] available for PCI devices
[    0.000000] Booting paravirtualized kernel on KVM
[    0.000000] clocksource: refined-jiffies: mask: 0xffffffff max_cycles: 0xffffffff, max_idle_ns: 7645519600211568 ns
[    0.000000] setup_percpu: NR_CPUS:512 nr_cpumask_bits:512 nr_cpu_ids:2 nr_node_ids:1
[    0.000000] PERCPU: Embedded 34 pages/cpu @ffff88003fc00000 s99544 r8192 d31528 u1048576
[    0.000000] Built 1 zonelists in Node order, mobility grouping on.  Total pages: 257912
[    0.000000] Policy zone: DMA32
[    0.000000] Kernel command line: BOOT_IMAGE=/boot/vmlinuz-4.4.0-165-generic root=LABEL=cloudimg-rootfs ro console=tty1 console=ttyS0
[    0.000000] PID hash table entries: 4096 (order: 3, 32768 bytes)
[    0.000000] Memory: 997732K/1048120K available (8621K kernel code, 1335K rwdata, 4032K rodata, 1484K init, 1284K bss, 50388K reserved, 0K cma-reserved)
[    0.000000] SLUB: HWalign=64, Order=0-3, MinObjects=0, CPUs=2, Nodes=1
[    0.000000] Hierarchical RCU implementation.
[    0.000000] 	Build-time adjustment of leaf fanout to 64.
[    0.000000] 	RCU restricting CPUs from NR_CPUS=512 to nr_cpu_ids=2.
[    0.000000] RCU: Adjusting geometry for rcu_fanout_leaf=64, nr_cpu_ids=2
[    0.000000] NR_IRQS:33024 nr_irqs:440 16
[    0.000000] Console: colour VGA+ 80x25
[    0.000000] console [tty1] enabled
[    0.000000] console [ttyS0] enabled
[    0.000000] tsc: Detected 1991.996 MHz processor
[    0.113622] Calibrating delay loop (skipped) preset value.. 3983.99 BogoMIPS (lpj=7967984)
[    0.114756] pid_max: default: 32768 minimum: 301
[    0.115426] ACPI: Core revision 20150930
[    0.116651] ACPI: 2 ACPI AML tables successfully acquired and loaded
[    0.117978] Security Framework initialized
[    0.118691] Yama: becoming mindful.
[    0.119323] AppArmor: AppArmor initialized
[    0.120059] Dentry cache hash table entries: 131072 (order: 8, 1048576 bytes)
[    0.121397] Inode-cache hash table entries: 65536 (order: 7, 524288 bytes)
[    0.122857] Mount-cache hash table entries: 2048 (order: 2, 16384 bytes)
[    0.123791] Mountpoint-cache hash table entries: 2048 (order: 2, 16384 bytes)
[    0.124949] Initializing cgroup subsys io
[    0.125696] Initializing cgroup subsys memory
[    0.126456] Initializing cgroup subsys devices
[    0.127158] Initializing cgroup subsys freezer
[    0.127884] Initializing cgroup subsys net_cls
[    0.128677] Initializing cgroup subsys perf_event
[    0.129432] Initializing cgroup subsys net_prio
[    0.130160] Initializing cgroup subsys hugetlb
[    0.130805] Initializing cgroup subsys pids
[    0.133038] mce: CPU supports 0 MCE banks
[    0.133732] Last level iTLB entries: 4KB 64, 2MB 8, 4MB 8
[    0.134597] Last level dTLB entries: 4KB 64, 2MB 0, 4MB 0, 1GB 4
[    0.135589] Spectre V1 : Mitigation: usercopy/swapgs barriers and __user pointer sanitization
[    0.136946] Spectre V2 : Mitigation: Enhanced IBRS
[    0.137663] Spectre V2 : Spectre v2 / SpectreRSB mitigation: Filling RSB on context switch
[    0.139090] Speculative Store Bypass: Vulnerable
[    0.141948] Freeing SMP alternatives memory: 36K
[    0.147231] ftrace: allocating 32318 entries in 127 pages
[    0.182397] smpboot: APIC(0) Converting physical 0 to logical package 0
[    0.183248] smpboot: Max logical packages: 1
[    0.184076] x2apic enabled
[    0.184745] Switched APIC routing to physical x2apic.
[    0.186282] ..TIMER: vector=0x30 apic1=0 pin1=2 apic2=-1 pin2=-1
[    0.296778] APIC calibration not consistent with PM-Timer: 103ms instead of 100ms
[    0.299121] APIC delta adjusted to PM-Timer: 6253180 (6501803)
[    0.300254] smpboot: CPU0: Intel(R) Core(TM) i7-8565U CPU @ 1.80GHz (family: 0x6, model: 0x8e, stepping: 0xc)
[    0.302189] Performance Events: unsupported p6 CPU model 142 no PMU driver, software events only.
[    0.309402] KVM setup paravirtual spinlock
[    0.310678] x86: Booting SMP configuration:
[    0.311726] .... node  #0, CPUs:      #1
[    0.312513] kvm-clock: cpu 1, msr 0:3ffe3041, secondary cpu clock
[    0.314279] mce: CPU supports 0 MCE banks
[    0.316705] x86: Booted up 1 node, 2 CPUs
[    0.317464] smpboot: Total of 2 processors activated (7967.98 BogoMIPS)
[    0.318760] devtmpfs: initialized
[    0.321039] evm: security.selinux
[    0.321547] evm: security.SMACK64
[    0.322111] evm: security.SMACK64EXEC
[    0.322676] evm: security.SMACK64TRANSMUTE
[    0.323281] evm: security.SMACK64MMAP
[    0.323873] evm: security.ima
[    0.324358] evm: security.capability
[    0.325111] clocksource: jiffies: mask: 0xffffffff max_cycles: 0xffffffff, max_idle_ns: 7645041785100000 ns
[    0.326539] futex hash table entries: 512 (order: 3, 32768 bytes)
[    0.327403] pinctrl core: initialized pinctrl subsystem
[    0.328236] RTC time:  8:46:53, date: 10/10/19
[    0.329442] NET: Registered protocol family 16
[    0.340970] cpuidle: using governor ladder
[    0.352717] cpuidle: using governor menu
[    0.353349] PCCT header not found.
[    0.354045] ACPI: bus type PCI registered
[    0.354648] acpiphp: ACPI Hot Plug PCI Controller Driver version: 0.5
[    0.355610] PCI: Using configuration type 1 for base access
[    0.370834] ACPI: Added _OSI(Module Device)
[    0.371620] ACPI: Added _OSI(Processor Device)
[    0.372269] ACPI: Added _OSI(3.0 _SCP Extensions)
[    0.373023] ACPI: Added _OSI(Processor Aggregator Device)
[    0.375009] ACPI: Executed 1 blocks of module-level executable AML code
[    0.377204] ACPI: Interpreter enabled
[    0.377723] ACPI: (supports S0 S5)
[    0.378246] ACPI: Using IOAPIC for interrupt routing
[    0.379053] PCI: Using host bridge windows from ACPI; if necessary, use "pci=nocrs" and report a bug
[    0.382570] ACPI: PCI Root Bridge [PCI0] (domain 0000 [bus 00-ff])
[    0.383415] acpi PNP0A03:00: _OSC: OS supports [ASPM ClockPM Segments MSI]
[    0.384396] acpi PNP0A03:00: _OSC: not requesting OS control; OS requires [ExtendedConfig ASPM ClockPM MSI]
[    0.385792] acpi PNP0A03:00: fail to add MMCONFIG information, can't access extended PCI configuration space under this bridge.
[    0.387378] PCI host bridge to bus 0000:00
[    0.387992] pci_bus 0000:00: root bus resource [io  0x0000-0x0cf7 window]
[    0.388843] pci_bus 0000:00: root bus resource [io  0x0d00-0xffff window]
[    0.389771] pci_bus 0000:00: root bus resource [mem 0x000a0000-0x000bffff window]
[    0.390821] pci_bus 0000:00: root bus resource [mem 0x40000000-0xfdffffff window]
[    0.391834] pci_bus 0000:00: root bus resource [bus 00-ff]
[    0.393572] pci 0000:00:01.1: legacy IDE quirk: reg 0x10: [io  0x01f0-0x01f7]
[    0.394428] pci 0000:00:01.1: legacy IDE quirk: reg 0x14: [io  0x03f6]
[    0.402105] pci 0000:00:01.1: legacy IDE quirk: reg 0x18: [io  0x0170-0x0177]
[    0.403000] pci 0000:00:01.1: legacy IDE quirk: reg 0x1c: [io  0x0376]
[    0.414076] pci 0000:00:07.0: quirk: [io  0x4000-0x403f] claimed by PIIX4 ACPI
[    0.415124] pci 0000:00:07.0: quirk: [io  0x4100-0x410f] claimed by PIIX4 SMB
[    0.421622] ACPI: PCI Interrupt Link [LNKA] (IRQs 5 9 10 *11)
[    0.422991] ACPI: PCI Interrupt Link [LNKB] (IRQs 5 9 *10 11)
[    0.424186] ACPI: PCI Interrupt Link [LNKC] (IRQs 5 *9 10 11)
[    0.425326] ACPI: PCI Interrupt Link [LNKD] (IRQs 5 9 10 *11)
[    0.426313] ACPI: Enabled 2 GPEs in block 00 to 07
[    0.427157] vgaarb: setting as boot device: PCI:0000:00:02.0
[    0.427850] vgaarb: device added: PCI:0000:00:02.0,decodes=io+mem,owns=io+mem,locks=none
[    0.428866] vgaarb: loaded
[    0.429329] vgaarb: bridge control possible 0000:00:02.0
[    0.430131] SCSI subsystem initialized
[    0.430758] ACPI: bus type USB registered
[    0.431400] usbcore: registered new interface driver usbfs
[    0.432481] usbcore: registered new interface driver hub
[    0.433330] usbcore: registered new device driver usb
[    0.434218] PCI: Using ACPI for IRQ routing
[    0.434970] NetLabel: Initializing
[    0.435470] NetLabel:  domain hash size = 128
[    0.436008] NetLabel:  protocols = UNLABELED CIPSOv4
[    0.436675] NetLabel:  unlabeled traffic allowed by default
[    0.437564] amd_nb: Cannot enumerate AMD northbridges
[    0.438190] clocksource: Switched to clocksource kvm-clock
[    0.443278] AppArmor: AppArmor Filesystem Enabled
[    0.444004] pnp: PnP ACPI init
[    0.445027] pnp: PnP ACPI: found 3 devices
[    0.453709] clocksource: acpi_pm: mask: 0xffffff max_cycles: 0xffffff, max_idle_ns: 2085701024 ns
[    0.455090] NET: Registered protocol family 2
[    0.455807] TCP established hash table entries: 8192 (order: 4, 65536 bytes)
[    0.456821] TCP bind hash table entries: 8192 (order: 5, 131072 bytes)
[    0.458361] TCP: Hash tables configured (established 8192 bind 8192)
[    0.459109] UDP hash table entries: 512 (order: 2, 16384 bytes)
[    0.459778] UDP-Lite hash table entries: 512 (order: 2, 16384 bytes)
[    0.460552] NET: Registered protocol family 1
[    0.461099] pci 0000:00:00.0: Limiting direct PCI/PCI transfers
[    0.461782] pci 0000:00:01.0: Activating ISA DMA hang workarounds
[    0.463089] Unpacking initramfs...
[    0.621582] Freeing initrd memory: 14828K
[    0.622372] clocksource: tsc: mask: 0xffffffffffffffff max_cycles: 0x396d4a59358, max_idle_ns: 881590518684 ns
[    0.623686] platform rtc_cmos: registered platform RTC device (no PNP device found)
[    0.624893] Scanning for low memory corruption every 60 seconds
[    0.626062] audit: initializing netlink subsys (disabled)
[    0.626882] audit: type=2000 audit(1570697218.530:1): initialized
[    0.627812] Initialise system trusted keyring
[    0.628701] HugeTLB registered 2 MB page size, pre-allocated 0 pages
[    0.630327] zbud: loaded
[    0.631102] VFS: Disk quotas dquot_6.6.0
[    0.631707] VFS: Dquot-cache hash table entries: 512 (order 0, 4096 bytes)
[    0.633166] squashfs: version 4.0 (2009/01/31) Phillip Lougher
[    0.634188] fuse init (API version 7.23)
[    0.634967] Key type big_key registered
[    0.635539] Allocating IMA MOK and blacklist keyrings.
[    0.638612] Key type asymmetric registered
[    0.639224] Asymmetric key parser 'x509' registered
[    0.639934] Block layer SCSI generic (bsg) driver version 0.4 loaded (major 249)
[    0.641101] io scheduler noop registered
[    0.641748] io scheduler deadline registered (default)
[    0.642441] io scheduler cfq registered
[    0.643121] pci_hotplug: PCI Hot Plug PCI Core version: 0.5
[    0.643947] pciehp: PCI Express Hot Plug Controller Driver version: 0.4
[    0.644815] ACPI: AC Adapter [AC] (on-line)
[    0.645436] input: Power Button as /devices/LNXSYSTM:00/LNXPWRBN:00/input/input0
[    0.646464] ACPI: Power Button [PWRF]
[    0.647100] input: Sleep Button as /devices/LNXSYSTM:00/LNXSLPBN:00/input/input1
[    0.648629] ACPI: Sleep Button [SLPF]
[    0.649867] ACPI: Battery Slot [BAT0] (battery present)
[    0.650629] GHES: HEST is not enabled!
[    0.651217] Serial: 8250/16550 driver, 32 ports, IRQ sharing enabled
[    0.672314] 00:02: ttyS0 at I/O 0x3f8 (irq = 4, base_baud = 115200) is a 16550A
[    0.674287] Linux agpgart interface v0.103
[    0.676385] loop: module loaded
[    0.677306] scsi host0: ata_piix
[    0.678026] scsi host1: ata_piix
[    0.678717] ata1: PATA max UDMA/33 cmd 0x1f0 ctl 0x3f6 bmdma 0xd000 irq 14
[    0.679697] ata2: PATA max UDMA/33 cmd 0x170 ctl 0x376 bmdma 0xd008 irq 15
[    0.680911] libphy: Fixed MDIO Bus: probed
[    0.681518] tun: Universal TUN/TAP device driver, 1.6
[    0.682341] tun: (C) 1999-2004 Max Krasnyansky <maxk@qualcomm.com>
[    0.683219] PPP generic driver version 2.4.2
[    0.683928] ehci_hcd: USB 2.0 'Enhanced' Host Controller (EHCI) Driver
[    0.684756] ehci-pci: EHCI PCI platform driver
[    0.685365] ehci-platform: EHCI generic platform driver
[    0.686031] ohci_hcd: USB 1.1 'Open' Host Controller (OHCI) Driver
[    0.686971] ohci-pci: OHCI PCI platform driver
[    0.687616] ohci-platform: OHCI generic platform driver
[    0.688279] uhci_hcd: USB Universal Host Controller Interface driver
[    0.689148] i8042: PNP: PS/2 Controller [PNP0303:PS2K,PNP0f03:PS2M] at 0x60,0x64 irq 1,12
[    0.690622] serio: i8042 KBD port at 0x60,0x64 irq 1
[    0.691295] serio: i8042 AUX port at 0x60,0x64 irq 12
[    0.692005] mousedev: PS/2 mouse device common for all mice
[    0.692987] rtc_cmos rtc_cmos: rtc core: registered rtc_cmos as rtc0
[    0.693890] rtc_cmos rtc_cmos: alarms up to one day, 114 bytes nvram
[    0.694795] i2c /dev entries driver
[    0.695431] device-mapper: uevent: version 1.0.3
[    0.696095] input: AT Translated Set 2 keyboard as /devices/platform/i8042/serio0/input/input2
[    0.697422] device-mapper: ioctl: 4.34.0-ioctl (2015-10-28) initialised: dm-devel@redhat.com
[    0.698577] ledtrig-cpu: registered to indicate activity on CPUs
[    0.699693] NET: Registered protocol family 10
[    0.700459] NET: Registered protocol family 17
[    0.701070] Key type dns_resolver registered
[    0.701825] registered taskstats version 1
[    0.702461] Loading compiled-in X.509 certificates
[    0.703511] Loaded X.509 cert 'Build time autogenerated kernel key: 0ed82eac04367aa6426493b1389455ebf6830eaa'
[    0.704725] zswap: loaded using pool lzo/zbud
[    0.706553] Key type trusted registered
[    0.710184] Key type encrypted registered
[    0.710801] AppArmor: AppArmor sha1 policy hashing enabled
[    0.711501] ima: No TPM chip found, activating TPM-bypass!
[    0.712280] ima: Allocated hash algorithm: sha1
[    0.712955] evm: HMAC attrs: 0x1
[    0.713680]   Magic number: 7:857:775
[    0.714234] misc psaux: hash matches
[    0.714837] misc fuse: hash matches
[    0.715520] rtc_cmos rtc_cmos: setting system clock to 2019-10-10 08:46:53 UTC (1570697213)
[    0.716841] BIOS EDD facility v0.16 2004-Jun-25, 0 devices found
[    0.717613] EDD information not available.
[    0.843295] Freeing unused kernel memory: 1484K
[    0.846384] Write protecting the kernel read-only data: 14336k
[    0.851664] Freeing unused kernel memory: 1608K
[    0.855411] Freeing unused kernel memory: 64K
Loading, please wait...
starting version 229
[    0.876204] random: systemd-udevd: uninitialized urandom read (16 bytes read, 1 bits of entropy available)
[    0.876766] random: udevadm: uninitialized urandom read (16 bytes read, 1 bits of entropy available)
[    0.876796] random: udevadm: uninitialized urandom read (16 bytes read, 1 bits of entropy available)
[    0.881958] random: systemd-udevd: uninitialized urandom read (16 bytes read, 1 bits of entropy available)
[    0.882390] random: udevadm: uninitialized urandom read (16 bytes read, 1 bits of entropy available)
[    0.882419] random: udevadm: uninitialized urandom read (16 bytes read, 1 bits of entropy available)
[    0.882504] random: udevadm: uninitialized urandom read (16 bytes read, 1 bits of entropy available)
[    0.882535] random: udevadm: uninitialized urandom read (16 bytes read, 1 bits of entropy available)
[    0.882564] random: udevadm: uninitialized urandom read (16 bytes read, 1 bits of entropy available)
[    0.882595] random: udevadm: uninitialized urandom read (16 bytes read, 1 bits of entropy available)
[    0.908602] e1000: Intel(R) PRO/1000 Network Driver - version 7.3.21-k8-NAPI
[    0.909634] e1000: Copyright (c) 1999-2006 Intel Corporation.
[    0.912353] Fusion MPT base driver 3.04.20
[    0.913140] Copyright (c) 1999-2008 LSI Corporation
[    0.927324] Fusion MPT SPI Host driver 3.04.20
[    0.931973] AVX2 version of gcm_enc/dec engaged.
[    0.932716] AES CTR mode by8 optimization enabled
[    1.133284] input: ImExPS/2 Generic Explorer Mouse as /devices/platform/i8042/serio1/input/input4
[    1.258927] e1000 0000:00:03.0 eth0: (PCI:33MHz:32-bit) 02:0e:9b:2d:5b:92
[    1.260586] e1000 0000:00:03.0 eth0: Intel(R) PRO/1000 Network Connection
[    1.262986] mptbase: ioc0: Initiating bringup
[    1.649122] ioc0: LSI53C1030 A0: Capabilities={Initiator}
[    3.260240] scsi host2: ioc0: LSI53C1030 A0, FwRev=00000000h, Ports=1, MaxQ=256, IRQ=20
[    3.628867] scsi 2:0:0:0: Direct-Access     VBOX     HARDDISK         1.0  PQ: 0 ANSI: 5
[    3.633081] scsi target2:0:0: Beginning Domain Validation
[    3.636159] scsi target2:0:0: Domain Validation skipping write tests
[    3.636999] scsi target2:0:0: Ending Domain Validation
[    3.637729] scsi target2:0:0: asynchronous
[    3.638779] scsi 2:0:1:0: Direct-Access     VBOX     HARDDISK         1.0  PQ: 0 ANSI: 5
[    3.639869] scsi target2:0:1: Beginning Domain Validation
[    3.650056] scsi target2:0:1: Domain Validation skipping write tests
[    3.650904] scsi target2:0:1: Ending Domain Validation
[    3.651701] scsi target2:0:1: asynchronous
[    3.655264] sd 2:0:0:0: [sda] 20971520 512-byte logical blocks: (10.7 GB/10.0 GiB)
[    3.655387] sd 2:0:0:0: Attached scsi generic sg0 type 0
[    3.655667] sd 2:0:1:0: Attached scsi generic sg1 type 0
[    3.657464] sd 2:0:1:0: [sdb] 20480 512-byte logical blocks: (10.5 MB/10.0 MiB)
[    3.662323] sd 2:0:1:0: [sdb] Write Protect is off
[    3.663315] sd 2:0:1:0: [sdb] Incomplete mode parameter data
[    3.664142] sd 2:0:1:0: [sdb] Assuming drive cache: write through
[    3.664994] sd 2:0:0:0: [sda] Write Protect is off
[    3.666064] sd 2:0:0:0: [sda] Incomplete mode parameter data
[    3.667000] sd 2:0:0:0: [sda] Assuming drive cache: write through
[    3.677157]  sda: sda1
[    3.678896] sd 2:0:1:0: [sdb] Attached SCSI disk
[    3.679664] sd 2:0:0:0: [sda] Attached SCSI disk
[    4.088453] e1000 0000:00:08.0 eth1: (PCI:33MHz:32-bit) 08:00:27:b4:26:57
[    4.089409] e1000 0000:00:08.0 eth1: Intel(R) PRO/1000 Network Connection
[    4.091120] e1000 0000:00:08.0 enp0s8: renamed from eth1
[    4.106767] e1000 0000:00:03.0 enp0s3: renamed from eth0
Begin: Loading essential drivers ... [    5.350531] md: linear personality registered for level -1
[    5.353757] md: multipath personality registered for level -4
[    5.356532] md: raid0 personality registered for level 0
[    5.360312] md: raid1 personality registered for level 1
[    5.430215] raid6: sse2x1   gen() 10601 MB/s
[    5.499444] raid6: sse2x1   xor()  8611 MB/s
[    5.566791] raid6: sse2x2   gen() 18196 MB/s
[    5.634199] raid6: sse2x2   xor() 11737 MB/s
[    5.702494] raid6: sse2x4   gen() 19550 MB/s
[    5.770813] raid6: sse2x4   xor() 12263 MB/s
[    5.838203] raid6: avx2x1   gen() 24545 MB/s
[    5.907468] raid6: avx2x2   gen() 32782 MB/s
[    5.974814] raid6: avx2x4   gen() 36286 MB/s
[    5.975536] raid6: using algorithm avx2x4 gen() 36286 MB/s
[    5.976421] raid6: using avx2x2 recovery algorithm
[    5.978361] xor: automatically using best checksumming function:
[    6.018304]    avx       : 31543.000 MB/sec
[    6.019990] async_tx: api initialized (async)
[    6.026648] md: raid6 personality registered for level 6
[    6.027482] md: raid5 personality registered for level 5
[    6.028369] md: raid4 personality registered for level 4
[    6.033204] md: raid10 personality registered for level 10
done.
Begin: Running /scripts/init-premount ... done.
Begin: Mounting root file system ... Begin: Running /scripts/local-top ... done.
Begin: Running /scripts/local-premount ... [    6.055072] Btrfs loaded
Scanning for Btrfs filesystems
done.
Warning: fsck not present, so skipping root file system
[    6.078434] EXT4-fs (sda1): mounted filesystem with ordered data mode. Opts: (null)
done.
Begin: Running /scripts/local-bottom ... done.
Begin: Running /scripts/init-bottom ... done.
[    6.160808] systemd[1]: systemd 229 running in system mode. (+PAM +AUDIT +SELINUX +IMA +APPARMOR +SMACK +SYSVINIT +UTMP +LIBCRYPTSETUP +GCRYPT +GNUTLS +ACL +XZ -LZ4 +SECCOMP +BLKID +ELFUTILS +KMOD -IDN)
[    6.163118] systemd[1]: Detected virtualization oracle.
[    6.163854] systemd[1]: Detected architecture x86-64.

Welcome to [1mUbuntu 16.04.6 LTS[0m!

[    6.166607] systemd[1]: Set hostname to <ubuntu-xenial>.
[    6.263138] systemd[1]: Listening on udev Kernel Socket.
[[0;32m  OK  [0m] Listening on udev Kernel Socket.
[    6.264837] systemd[1]: Created slice User and Session Slice.
[[0;32m  OK  [0m] Created slice User and Session Slice.
[    6.266391] systemd[1]: Listening on Journal Audit Socket.
[[0;32m  OK  [0m] Listening on Journal Audit Socket.
[    6.267599] systemd[1]: Reached target Swap.
[[0;32m  OK  [0m] Reached target Swap.
[    6.268631] systemd[1]: Listening on LVM2 poll daemon socket.
[[0;32m  OK  [0m] Listening on LVM2 poll daemon socket.
[    6.269885] systemd[1]: Listening on Device-mapper event daemon FIFOs.
[[0;32m  OK  [0m] Listening on Device-mapper event daemon FIFOs.
[    6.271328] systemd[1]: Listening on Journal Socket (/dev/log).
[[0;32m  OK  [0m] Listening on Journal Socket (/dev/log).
[    6.272714] systemd[1]: Set up automount Arbitrary Executable File Formats File System Automount Point.
[[0;32m  OK  [0m] Set up automount Arbitrary Executab...ats File System Automount Point.
[    6.274682] systemd[1]: Reached target Encrypted Volumes.
[[0;32m  OK  [0m] Reached target Encrypted Volumes.
[    6.282852] systemd[1]: Started Forward Password Requests to Wall Directory Watch.
[[0;32m  OK  [0m] Started Forward Password Requests to Wall Directory Watch.
[    6.288203] systemd[1]: Started Trigger resolvconf update for networkd DNS.
[[0;32m  OK  [0m] Started Trigger resolvconf update for networkd DNS.
[    6.292585] systemd[1]: Listening on LVM2 metadata daemon socket.
[[0;32m  OK  [0m] Listening on LVM2 metadata daemon socket.
[    6.303100] systemd[1]: Listening on udev Control Socket.
[[0;32m  OK  [0m] Listening on udev Control Socket.
[    6.315394] systemd[1]: Listening on Journal Socket.
[[0;32m  OK  [0m] Listening on Journal Socket.
[    6.327258] systemd[1]: Created slice System Slice.
[[0;32m  OK  [0m] Created slice System Slice.
[    6.351475] systemd[1]: Starting Create list of required static device nodes for the current kernel...
         Starting Create list of required st... nodes for the current kernel...
[    6.359053] systemd[1]: Mounting Debug File System...
         Mounting Debug File System...
[    6.363469] systemd[1]: Mounting Huge Pages File System...
         Mounting Huge Pages File System...
[    6.368659] systemd[1]: Starting Remount Root and Kernel File Systems...
         Starting Remount Root and Kernel File Systems...
[    6.373939] EXT4-fs (sda1): re-mounted. Opts: (null)
[    6.381076] systemd[1]: Starting Load Kernel Modules...
         Starting Load Kernel Modules...
[    6.383833] systemd[1]: Starting Monitoring of LVM2 mirrors, snapshots etc. using dmeventd or progress polling...
         Starting Monitoring of LVM2 mirrors... dmeventd or progress polling...
[    6.387030] systemd[1]: Created slice system-serial\x2dgetty.slice.
[[0;32m  OK  [0m] Created slice system-serial\x2dgetty.slice.
[    6.388961] systemd[1]: Reached target Slices.
[[0;32m  OK  [0m] Reached target Slices.
[    6.391165] Loading iSCSI transport class v2.0-870.
[    6.397953] iscsi: registered transport (tcp)
[    6.402878] systemd[1]: Starting Nameserver information manager...
         Starting Nameserver information manager...
[    6.404790] systemd[1]: Mounting POSIX Message Queue File System...
         Mounting POSIX Message Queue File System...
[    6.406890] systemd[1]: Listening on /dev/initctl Compatibility Named Pipe.
[[0;32m  OK  [0m] Listening on /dev/initctl Compatibility Named Pipe.
[    6.409458] systemd[1]: Starting Uncomplicated firewall...
         Starting Uncomplicated firewall...
[    6.414346] systemd[1]: Reached target User and Group Name Lookups.
[[0;32m  OK  [0m] Reached target User and Group Name Lookups.
[    6.420191] systemd[1]: Starting Set console keymap...
         Starting Set console keymap...
[    6.422215] systemd[1]: Listening on Syslog Socket.
[[0;32m  OK  [0m] Listening on Syslog Socket.
[    6.424584] systemd[1]: Starting Journal Service...
         Starting Journal Service...
[    6.426543] systemd[1]: Reached target System Time Synchronized.
[[0;32m  OK  [0m] Reached target System Time Synchronized.
[    6.430212] systemd[1]: Mounted POSIX Message Queue File System.
[[0;32m  OK  [0m] Mounted POSIX Message Queue File System.
[    6.431935] systemd[1]: Mounted Debug File System.
[[0;32m  OK  [0m] Mounted Debug File System.
[    6.433429] systemd[1]: Mounted Huge Pages File System.
[[0;32m  OK  [0m] Mounted Huge Pages File System.
[    6.436133] systemd[1]: Started Create list of required static device nodes for the current kernel.
[[0;32m  OK  [0m] Started Create list of required sta...ce nodes for the current kernel.
[    6.439364] systemd[1]: Started Remount Root and Kernel File Systems.
[[0;32m  OK  [0m] Started Remount Root and Kernel File Systems.
[    6.448746] systemd[1]: Started Uncomplicated firewall.
[[0;32m  OK  [0m] Started Uncomplicated firewall.
[    6.459108] systemd[1]: Started Nameserver information manager.
[[0;32m  OK  [0m] Started Nameserver information manager.
[    6.462200] systemd[1]: Started Journal Service.
[[0;32m  OK  [[    6.463413] iscsi: registered transport (iser)
0m] Started Journal Service.
[[0;32m  OK  [0m] Started Load Kernel Modules.
[[0;32m  OK  [0m] Started Set console keymap.
         Starting Apply Kernel Variables...
         Mounting FUSE Control File System...
[[0;32m  OK  [0m] Started LVM2 metadata daemon.
         Starting Flush Journal to Persistent Storage...
         Starting udev Coldplug all Devices...
         Starting Load/Save Random Seed...
         Starting Create Static Device Nodes in /dev...
[[0;32m  OK  [0m] Mounted FUSE Control File System.
[[0;32m  OK  [0m] Started Apply Kernel Variables.
[[0;32m  OK  [0m] Started Load/Save Random Seed.
[[0;32m  OK  [0m] Started Create Static Device Nodes in /dev.
[[0;32m  OK  [0m] Started Monitoring of LVM2 mirrors,...ng dmeventd or progress polling.
[[0;32m  OK  [0m] Started udev Coldplug all Devices.
[[0;32m  OK  [0m] Started Flush Journal to Persistent Storage.
         Starting udev Kernel Device Manager...
[[0;32m  OK  [0m] Reached target Local File Systems (Pre).
[[0;32m  OK  [0m] Reached target Local File Systems.
         Starting Tell Plymouth To Write Out Runtime Data...
         Starting Set console font and keymap...
         Starting Create Volatile Files and Directories...
         Starting LSB: AppArmor initialization...
         Starting Initial cloud-init job (pre-networking)...
[[0;32m  OK  [0m] Started udev Kernel Device Manager.
[[0;32m  OK  [0m] Started Tell Plymouth To Write Out Runtime Data.
[[0;32m  OK  [0m] Started Create Volatile Files and Directories.
         Starting Update UTMP about System Boot/Shutdown...
[[0;32m  OK  [0m] Started Dispatch Password Requests to Console Directory Watch.
[[0;32m  OK  [0m] Started Update UTMP about System Boot/Shutdown.
[[0;32m  OK  [0m] Started LSB: AppArmor initialization.
[[0;32m  OK  [0m] Found device /dev/ttyS0.
[[0;32m  OK  [0m] Listening on Load/Save RF Kill Switch Status /dev/rfkill Watch.
[[0;32m  OK  [0m] Found device 82540EM Gigabit Ethern...r (PRO/1000 MT Desktop Adapter).
[[0;32m  OK  [0m] Found device 82540EM Gigabit Ethern...r (PRO/1000 MT Desktop Adapter).
[    7.354815] cloud-init[477]: Cloud-init v. 19.2-36-g059d049c-0ubuntu1~16.04.1 running 'init-local' at Thu, 10 Oct 2019 08:47:00 +0000. Up 7.13 seconds.
[[0;32m  OK  [0m] Started Initial cloud-init job (pre-networking).
[[0;32m  OK  [0m] Reached target Network (Pre).
[[0;32m  OK  [0m] Started ifup for enp0s8.
[[0;32m  OK  [0m] Started ifup for enp0s3.
         Starting Raise network interfaces...
[[0;32m  OK  [0m] Started Set console font and keymap.
[[0;32m  OK  [0m] Created slice system-getty.slice.
[[0;32m  OK  [0m] Started Raise network interfaces.
[[0;32m  OK  [0m] Reached target Network.
         Starting Initial cloud-init job (metadata service crawler)...
[    7.987777] cloud-init[1085]: Cloud-init v. 19.2-36-g059d049c-0ubuntu1~16.04.1 running 'init' at Thu, 10 Oct 2019 08:47:00 +0000. Up 7.82 seconds.
[    7.988901] cloud-init[1085]: ci-info: ++++++++++++++++++++++++++++++++++++++Net device info+++++++++++++++++++++++++++++++++++++++
[    7.989922] cloud-init[1085]: ci-info: +--------+------+-----------------------------+---------------+--------+-------------------+
[    7.990807] cloud-init[1085]: ci-info: | Device |  Up  |           Address           |      Mask     | Scope  |     Hw-Address    |
[    7.996588] cloud-init[1085]: ci-info: +--------+------+-----------------------------+---------------+--------+-------------------+
[    8.004395] cloud-init[1085]: ci-info: | enp0s3 | True |          10.0.2.15          | 255.255.255.0 | global | 02:0e:9b:2d:5b:92 |
[    8.012679] cloud-init[1085]: ci-info: | enp0s3 | True |  fe80::e:9bff:fe2d:5b92/64  |       .       |  link  | 02:0e:9b:2d:5b:92 |
[    8.013788] cloud-init[1085]: ci-info: | enp0s8 | True |        192.168.10.100       | 255.255.255.0 | global | 08:00:27:b4:26:57 |
[[0;32m  OK  [0m] Started Initial cloud-init job (metadata service crawler).
[    8.020731] cloud-init[1085]: ci-info: | enp0s8 | True | fe80::a00:27ff:feb4:2657/64 |       .       |  link  | 08:00:27:b4:26:57 |
[    8.032271] cloud-init[1085]: ci-info: |   lo   | True |          127.0.0.1          |   255.0.0.0   |  host  |         .         |
[    8.033514] cloud-init[1085]: ci-info: |   lo   | True |           ::1/128           |       .       |  host  |         .         |
[    8.033892] cloud-init[1085]: ci-info: +--------+------+-----------------------------+---------------+--------+-------------------+
[    8.034267] cloud-init[1085]: ci-info: ++++++++++++++++++++++++++++Route IPv4 info++++++++++++++++++++++++++++
[    8.035242] cloud-init[1085]: ci-info: +-------+--------------+----------+---------------+-----------+-------+
[    8.035580] cloud-init[1085]: ci-info: | Route | Destination  | Gateway  |    Genmask    | Interface | Flags |
[    8.036061] cloud-init[1085]: ci-info: +-------+--------------+----------+---------------+-----------+-------+
[    8.036916] cloud-init[1085]: ci-info: |   0   |   0.0.0.0    | 10.0.2.2 |    0.0.0.0    |   enp0s3  |   UG  |
[    8.037524] cloud-init[1085]: ci-info: |   1   |   10.0.2.0   | 0.0.0.0  | 255.255.255.0 |   enp0s3  |   U   |
[    8.038082] cloud-init[1085]: ci-info: |   2   | 192.168.10.0 | 0.0.0.0  | 255.255.255.0 |   enp0s8  |   U   |
[    8.038982] cloud-init[1085]: ci-info: +-------+--------------+----------+---------------+-----------+-------+
[    8.039828] cloud-init[1085]: ci-info: +++++++++++++++++++Route IPv6 info+++++++++++++++++++
[    8.040513] cloud-init[1085]: ci-info: +-------+-------------+---------+-----------+-------+
[    8.040964] cloud-init[1085]: ci-info: | Route | Destination | Gateway | Interface | Flags |
[    8.041633] cloud-init[1085]: ci-info: +-------+-------------+---------+-----------+-------+
[    8.042067] cloud-init[1085]: ci-info: |   0   |  fe80::/64  |    ::   |   enp0s8  |   U   |
[    8.042568] cloud-init[1085]: ci-info: |   1   |  fe80::/64  |    ::   |   enp0s3  |   U   |
[    8.042742] cloud-init[1085]: ci-info: |   4   |   ff00::/8  |    ::   |   enp0s8  |   U   |
[    8.043192] cloud-init[1085]: ci-info: |   5   |   ff00::/8  |    ::   |   enp0s3  |   U   |
[[    8.043399] cloud-init[1085]: ci-info: +-------+-------------+---------+-----------+-------+
[0;32m  OK  [0m] Reached target Network is Online.
         Starting iSCSI initiator daemon (iscsid)...
[[0;32m  OK  [0m] Reached target System Initialization.
         Starting LXD - unix socket.
[[0;32m  OK  [0m] Started Daily apt download activities.
[[0;32m  OK  [0m] Listening on D-Bus System Message Bus Socket.
[[0;32m  OK  [0m] Started Daily Cleanup of Temporary Directories.
         Starting Socket activation for snappy daemon.
[[0;32m  OK  [0m] Listening on UUID daemon activation socket.
[[0;32m  OK  [0m] Started Daily apt upgrade and clean activities.
[[0;32m  OK  [0m] Started ACPI Events Check.
[[0;32m  OK  [0m] Reached target Paths.
[[0;32m  OK  [0m] Reached target Timers.
[[0;32m  OK  [0m] Listening on ACPID Listen Socket.
[[0;32m  OK  [0m] Reached target Cloud-config availability.
[[0;32m  OK  [0m] Listening on LXD - unix socket.
[[0;32m  OK  [0m] Listening on Socket activation for snappy daemon.
[[0;32m  OK  [0m] Started iSCSI initiator daemon (iscsid).
         Starting Login to default iSCSI targets...
[[0;32m  OK  [0m] Reached target Sockets.
[[0;32m  OK  [0m] Reached target Basic System.
         Starting Accounts Service...
[[0;32m  OK  [0m] Started ACPI event daemon.
         Starting LXD - container startup/shutdown...
[[0;32m  OK  [0m] Started Deferred execution scheduler.
         Starting /etc/rc.local Compatibility...
         Starting LSB: Record successful boot for GRUB...
[[0;32m  OK  [0m] Started FUSE filesystem for LXC.
         Starting LSB: MD monitoring daemon...
         Starting Login Service...
         Starting Virtualbox guest utils...
[[0;32m  OK  [0m] Started D-Bus System Message Bus.
         Starting System Logging Service...
         Starting Snappy daemon...
         Starting OpenBSD Secure Shell server...
[[0;32m  OK  [0m] Started Regular background program processing daemon.
         Starting A high performance web server and a reverse proxy server...
[[0;32m  OK  [0m] Started /etc/rc.local Compatibility.
[[0;32m  OK  [0m] Started System Logging Service.
[[0;32m  OK  [0m] Started OpenBSD Secure Shell server.
[[0;32m  OK  [0m] Started Login to default iSCSI targets.
[[0;32m  OK  [0m] Started LSB: Record successful boot for GRUB.
[[0;32m  OK  [0m] Started LSB: MD monitoring daemon.
[[0;32m  OK  [0m] Started LXD - container startup/shutdown.
[[0;32m  OK  [0m] Started A high performance web server and a reverse proxy server.
[[0;32m  OK  [0m] Started Virtualbox guest utils.
[[0;32m  OK  [0m] Started Login Service.
[[0;32m  OK  [0m] Started Unattended Upgrades Shutdown.
         Starting Authenticate and Authorize Users to Run Privileged Tasks...
[[0;32m  OK  [0m] Reached target Remote File Systems (Pre).
[[0;32m  OK  [0m] Reached target Remote File Systems.
         Starting LSB: daemon to balance interrupts for SMP systems...
         Starting LSB: automatic crash report generation...
         Starting Permit User Sessions...
         Starting LSB: Set the CPU Frequency Scaling governor to "ondemand"...
[[0;32m  OK  [0m] Started Permit User Sessions.
[[0;32m  OK  [0m] Started Authenticate and Authorize Users to Run Privileged Tasks.
[[0;32m  OK  [0m] Started Accounts Service.
[[0;32m  OK  [0m] Started LSB: Set the CPU Frequency Scaling governor to "ondemand".
         Starting Terminate Plymouth Boot Screen...
         Starting Hold until boot process finishes up...
[[0;32m  OK  [0m] Started Snappy daemon.
[[0;32m  OK  [0m] Started LSB: daemon to balance interrupts for SMP systems.
[[0;32m  OK  [0m] Started LSB: automatic crash report generation.
[[0;32m  OK  [0m] Started Terminate Plymouth Boot Screen.
[[0;32m  OK  [0m] Started Hold until boot process finishes up.
[[0;32m  OK  [0m] Started Getty on tty1.
         Starting Set console scheme...
[[0;32m  OK  [0m] Started Serial Getty on ttyS0.
[[0;32m  OK  [0m] Reached target Login Prompts.
         Starting Wait until snapd is fully seeded...
[[0;32m  OK  [0m] Started Set console scheme.
[[0;32m  OK  [0m] Started Wait until snapd is fully seeded.
         Starting Apply the settings specified in cloud-config...
[[0;32m  OK  [0m] Reached target Multi-User System.
[[0;32m  OK  [0m] Reached target Graphical Interface.
         Starting Update UTMP about System Runlevel Changes...
[[0;32m  OK  [0m] Started Update UTMP about System Runlevel Changes.
[    9.255920] cloud-init[1356]: Cloud-init v. 19.2-36-g059d049c-0ubuntu1~16.04.1 running 'modules:config' at Thu, 10 Oct 2019 08:47:02 +0000. Up 9.17 seconds.
[[0;32m  OK  [0m] Started Apply the settings specified in cloud-config.
         Starting Execute cloud user/final scripts...
[    9.576356] cloud-init[1368]: Cloud-init v. 19.2-36-g059d049c-0ubuntu1~16.04.1 running 'modules:final' at Thu, 10 Oct 2019 08:47:02 +0000. Up 9.49 seconds.
[    9.578025] cloud-init[1368]: Cloud-init v. 19.2-36-g059d049c-0ubuntu1~16.04.1 finished at Thu, 10 Oct 2019 08:47:02 +0000. Datasource DataSourceNoCloud [seed=/dev/sdb][dsmode=net].  Up 9.57 seconds
[[0;32m  OK  [0m] Started Execute cloud user/final scripts.
[[0;32m  OK  [0m] Reached target Cloud-init target.

Ubuntu 16.04.6 LTS ubuntu-xenial ttyS0

ubuntu-xenial login: 