[    0.000000] Initializing cgroup subsys cpuset
[    0.000000] Initializing cgroup subsys cpu
[    0.000000] Initializing cgroup subsys cpuacct
[    0.000000] Linux version 4.4.0-165-generic (buildd@lgw01-amd64-027) (gcc version 5.4.0 20160609 (Ubuntu 5.4.0-6ubuntu1~16.04.10) ) #193-Ubuntu SMP Tue Sep 17 17:42:52 UTC 2019 (Ubuntu 4.4.0-165.193-generic 4.4.189)
[    0.000000] Command line: BOOT_IMAGE=/boot/vmlinuz-4.4.0-165-generic root=LABEL=cloudimg-rootfs ro console=tty1 console=ttyS0
[    0.000000] KERNEL supported cpus:
[    0.000000]   Intel GenuineIntel
[    0.000000]   AMD AuthenticAMD
[    0.000000]   Centaur CentaurHauls
[    0.000000] x86/fpu: xstate_offset[2]:  576, xstate_sizes[2]:  256
[    0.000000] x86/fpu: Supporting XSAVE feature 0x01: 'x87 floating point registers'
[    0.000000] x86/fpu: Supporting XSAVE feature 0x02: 'SSE registers'
[    0.000000] x86/fpu: Supporting XSAVE feature 0x04: 'AVX registers'
[    0.000000] x86/fpu: Enabled xstate features 0x7, context size is 832 bytes, using 'standard' format.
[    0.000000] e820: BIOS-provided physical RAM map:
[    0.000000] BIOS-e820: [mem 0x0000000000000000-0x000000000009fbff] usable
[    0.000000] BIOS-e820: [mem 0x000000000009fc00-0x000000000009ffff] reserved
[    0.000000] BIOS-e820: [mem 0x00000000000f0000-0x00000000000fffff] reserved
[    0.000000] BIOS-e820: [mem 0x0000000000100000-0x000000003ffeffff] usable
[    0.000000] BIOS-e820: [mem 0x000000003fff0000-0x000000003fffffff] ACPI data
[    0.000000] BIOS-e820: [mem 0x00000000fec00000-0x00000000fec00fff] reserved
[    0.000000] BIOS-e820: [mem 0x00000000fee00000-0x00000000fee00fff] reserved
[    0.000000] BIOS-e820: [mem 0x00000000fffc0000-0x00000000ffffffff] reserved
[    0.000000] NX (Execute Disable) protection: active
[    0.000000] SMBIOS 2.5 present.
[    0.000000] Hypervisor detected: KVM
[    0.000000] Kernel/User page tables isolation: disabled
[    0.000000] e820: last_pfn = 0x3fff0 max_arch_pfn = 0x400000000
[    0.000000] MTRR: Disabled
[    0.000000] x86/PAT: MTRRs disabled, skipping PAT initialization too.
[    0.000000] CPU MTRRs all blank - virtualized system.
[    0.000000] x86/PAT: Configuration [0-7]: WB  WT  UC- UC  WB  WT  UC- UC  
[    0.000000] found SMP MP-table at [mem 0x0009fff0-0x0009ffff] mapped at [ffff88000009fff0]
[    0.000000] Scanning 1 areas for low memory corruption
[    0.000000] RAMDISK: [mem 0x362fa000-0x37174fff]
[    0.000000] ACPI: Early table checksum verification disabled
[    0.000000] ACPI: RSDP 0x00000000000E0000 000024 (v02 VBOX  )
[    0.000000] ACPI: XSDT 0x000000003FFF0030 00003C (v01 VBOX   VBOXXSDT 00000001 ASL  00000061)
[    0.000000] ACPI: FACP 0x000000003FFF00F0 0000F4 (v04 VBOX   VBOXFACP 00000001 ASL  00000061)
[    0.000000] ACPI: DSDT 0x000000003FFF0470 0022EA (v02 VBOX   VBOXBIOS 00000002 INTL 20100528)
[    0.000000] ACPI: FACS 0x000000003FFF0200 000040
[    0.000000] ACPI: FACS 0x000000003FFF0200 000040
[    0.000000] ACPI: APIC 0x000000003FFF0240 00005C (v02 VBOX   VBOXAPIC 00000001 ASL  00000061)
[    0.000000] ACPI: SSDT 0x000000003FFF02A0 0001CC (v01 VBOX   VBOXCPUT 00000002 INTL 20100528)
[    0.000000] No NUMA configuration found
[    0.000000] Faking a node at [mem 0x0000000000000000-0x000000003ffeffff]
[    0.000000] NODE_DATA(0) allocated [mem 0x3ffeb000-0x3ffeffff]
[    0.000000] kvm-clock: Using msrs 4b564d01 and 4b564d00
[    0.000000] kvm-clock: cpu 0, msr 0:3ffe3001, primary cpu clock
[    0.000000] kvm-clock: using sched offset of 3956904488 cycles
[    0.000000] clocksource: kvm-clock: mask: 0xffffffffffffffff max_cycles: 0x1cd42e4dffb, max_idle_ns: 881590591483 ns
[    0.000000] Zone ranges:
[    0.000000]   DMA      [mem 0x0000000000001000-0x0000000000ffffff]
[    0.000000]   DMA32    [mem 0x0000000001000000-0x000000003ffeffff]
[    0.000000]   Normal   empty
[    0.000000]   Device   empty
[    0.000000] Movable zone start for each node
[    0.000000] Early memory node ranges
[    0.000000]   node   0: [mem 0x0000000000001000-0x000000000009efff]
[    0.000000]   node   0: [mem 0x0000000000100000-0x000000003ffeffff]
[    0.000000] Initmem setup node 0 [mem 0x0000000000001000-0x000000003ffeffff]
[    0.000000] ACPI: PM-Timer IO Port: 0x4008
[    0.000000] IOAPIC[0]: apic_id 2, version 32, address 0xfec00000, GSI 0-23
[    0.000000] ACPI: INT_SRC_OVR (bus 0 bus_irq 0 global_irq 2 dfl dfl)
[    0.000000] ACPI: INT_SRC_OVR (bus 0 bus_irq 9 global_irq 9 low level)
[    0.000000] Using ACPI (MADT) for SMP configuration information
[    0.000000] smpboot: Allowing 2 CPUs, 0 hotplug CPUs
[    0.000000] PM: Registered nosave memory: [mem 0x00000000-0x00000fff]
[    0.000000] PM: Registered nosave memory: [mem 0x0009f000-0x0009ffff]
[    0.000000] PM: Registered nosave memory: [mem 0x000a0000-0x000effff]
[    0.000000] PM: Registered nosave memory: [mem 0x000f0000-0x000fffff]
[    0.000000] e820: [mem 0x40000000-0xfebfffff] available for PCI devices
[    0.000000] Booting paravirtualized kernel on KVM
[    0.000000] clocksource: refined-jiffies: mask: 0xffffffff max_cycles: 0xffffffff, max_idle_ns: 7645519600211568 ns
[    0.000000] setup_percpu: NR_CPUS:512 nr_cpumask_bits:512 nr_cpu_ids:2 nr_node_ids:1
[    0.000000] PERCPU: Embedded 34 pages/cpu @ffff88003fc00000 s99544 r8192 d31528 u1048576
[    0.000000] Built 1 zonelists in Node order, mobility grouping on.  Total pages: 257912
[    0.000000] Policy zone: DMA32
[    0.000000] Kernel command line: BOOT_IMAGE=/boot/vmlinuz-4.4.0-165-generic root=LABEL=cloudimg-rootfs ro console=tty1 console=ttyS0
[    0.000000] PID hash table entries: 4096 (order: 3, 32768 bytes)
[    0.000000] Memory: 997732K/1048120K available (8621K kernel code, 1335K rwdata, 4032K rodata, 1484K init, 1284K bss, 50388K reserved, 0K cma-reserved)
[    0.000000] SLUB: HWalign=64, Order=0-3, MinObjects=0, CPUs=2, Nodes=1
[    0.000000] Hierarchical RCU implementation.
[    0.000000] 	Build-time adjustment of leaf fanout to 64.
[    0.000000] 	RCU restricting CPUs from NR_CPUS=512 to nr_cpu_ids=2.
[    0.000000] RCU: Adjusting geometry for rcu_fanout_leaf=64, nr_cpu_ids=2
[    0.000000] NR_IRQS:33024 nr_irqs:440 16
[    0.000000] Console: colour VGA+ 80x25
[    0.000000] console [tty1] enabled
[    0.000000] console [ttyS0] enabled
[    0.000000] tsc: Detected 1991.996 MHz processor
[    0.233340] Calibrating delay loop (skipped) preset value.. 3983.99 BogoMIPS (lpj=7967984)
[    0.236083] pid_max: default: 32768 minimum: 301
[    0.237577] ACPI: Core revision 20150930
[    0.240409] ACPI: 2 ACPI AML tables successfully acquired and loaded
[    0.242619] Security Framework initialized
[    0.243967] Yama: becoming mindful.
[    0.245272] AppArmor: AppArmor initialized
[    0.246746] Dentry cache hash table entries: 131072 (order: 8, 1048576 bytes)
[    0.249120] Inode-cache hash table entries: 65536 (order: 7, 524288 bytes)
[    0.256096] Mount-cache hash table entries: 2048 (order: 2, 16384 bytes)
[    0.258123] Mountpoint-cache hash table entries: 2048 (order: 2, 16384 bytes)
[    0.260355] Initializing cgroup subsys io
[    0.261787] Initializing cgroup subsys memory
[    0.263240] Initializing cgroup subsys devices
[    0.264717] Initializing cgroup subsys freezer
[    0.266148] Initializing cgroup subsys net_cls
[    0.267571] Initializing cgroup subsys perf_event
[    0.269112] Initializing cgroup subsys net_prio
[    0.270632] Initializing cgroup subsys hugetlb
[    0.272073] Initializing cgroup subsys pids
[    0.275181] mce: CPU supports 0 MCE banks
[    0.276577] Last level iTLB entries: 4KB 64, 2MB 8, 4MB 8
[    0.278277] Last level dTLB entries: 4KB 64, 2MB 0, 4MB 0, 1GB 4
[    0.280101] Spectre V1 : Mitigation: usercopy/swapgs barriers and __user pointer sanitization
[    0.282846] Spectre V2 : Mitigation: Enhanced IBRS
[    0.284405] Spectre V2 : Spectre v2 / SpectreRSB mitigation: Filling RSB on context switch
[    0.287021] Speculative Store Bypass: Vulnerable
[    0.293226] Freeing SMP alternatives memory: 36K
[    0.305120] ftrace: allocating 32318 entries in 127 pages
[    0.385891] smpboot: APIC(0) Converting physical 0 to logical package 0
[    0.387882] smpboot: Max logical packages: 1
[    0.389740] x2apic enabled
[    0.391177] Switched APIC routing to physical x2apic.
[    0.394641] ..TIMER: vector=0x30 apic1=0 pin1=2 apic2=-1 pin2=-1
[    0.504838] smpboot: CPU0: Intel(R) Core(TM) i7-8565U CPU @ 1.80GHz (family: 0x6, model: 0x8e, stepping: 0xc)
[    0.508358] Performance Events: unsupported p6 CPU model 142 no PMU driver, software events only.
[    0.528072] KVM setup paravirtual spinlock
[    0.530582] x86: Booting SMP configuration:
[    0.532046] .... node  #0, CPUs:      #1
[    0.533645] kvm-clock: cpu 1, msr 0:3ffe3041, secondary cpu clock
[    0.536756] mce: CPU supports 0 MCE banks
[    0.539735] x86: Booted up 1 node, 2 CPUs
[    0.541505] smpboot: Total of 2 processors activated (7967.98 BogoMIPS)
[    0.544016] devtmpfs: initialized
[    0.549495] evm: security.selinux
[    0.550705] evm: security.SMACK64
[    0.551916] evm: security.SMACK64EXEC
[    0.553244] evm: security.SMACK64TRANSMUTE
[    0.554603] evm: security.SMACK64MMAP
[    0.555877] evm: security.ima
[    0.557496] evm: security.capability
[    0.559063] clocksource: jiffies: mask: 0xffffffff max_cycles: 0xffffffff, max_idle_ns: 7645041785100000 ns
[    0.562178] futex hash table entries: 512 (order: 3, 32768 bytes)
[    0.564227] pinctrl core: initialized pinctrl subsystem
[    0.566056] RTC time:  8:00:13, date: 10/10/19
[    0.572629] NET: Registered protocol family 16
[    0.585892] cpuidle: using governor ladder
[    0.598596] cpuidle: using governor menu
[    0.600008] PCCT header not found.
[    0.601295] ACPI: bus type PCI registered
[    0.602604] acpiphp: ACPI Hot Plug PCI Controller Driver version: 0.5
[    0.604668] PCI: Using configuration type 1 for base access
[    0.619761] ACPI: Added _OSI(Module Device)
[    0.621335] ACPI: Added _OSI(Processor Device)
[    0.622788] ACPI: Added _OSI(3.0 _SCP Extensions)
[    0.624292] ACPI: Added _OSI(Processor Aggregator Device)
[    0.627232] ACPI: Executed 1 blocks of module-level executable AML code
[    0.633173] ACPI: Interpreter enabled
[    0.634394] ACPI: (supports S0 S5)
[    0.635537] ACPI: Using IOAPIC for interrupt routing
[    0.637296] PCI: Using host bridge windows from ACPI; if necessary, use "pci=nocrs" and report a bug
[    0.646082] ACPI: PCI Root Bridge [PCI0] (domain 0000 [bus 00-ff])
[    0.647984] acpi PNP0A03:00: _OSC: OS supports [ASPM ClockPM Segments MSI]
[    0.650633] acpi PNP0A03:00: _OSC: not requesting OS control; OS requires [ExtendedConfig ASPM ClockPM MSI]
[    0.653659] acpi PNP0A03:00: fail to add MMCONFIG information, can't access extended PCI configuration space under this bridge.
[    0.657630] PCI host bridge to bus 0000:00
[    0.659050] pci_bus 0000:00: root bus resource [io  0x0000-0x0cf7 window]
[    0.661118] pci_bus 0000:00: root bus resource [io  0x0d00-0xffff window]
[    0.663336] pci_bus 0000:00: root bus resource [mem 0x000a0000-0x000bffff window]
[    0.666140] pci_bus 0000:00: root bus resource [mem 0x40000000-0xfdffffff window]
[    0.668925] pci_bus 0000:00: root bus resource [bus 00-ff]
[    0.673416] pci 0000:00:01.1: legacy IDE quirk: reg 0x10: [io  0x01f0-0x01f7]
[    0.675505] pci 0000:00:01.1: legacy IDE quirk: reg 0x14: [io  0x03f6]
[    0.677671] pci 0000:00:01.1: legacy IDE quirk: reg 0x18: [io  0x0170-0x0177]
[    0.679669] pci 0000:00:01.1: legacy IDE quirk: reg 0x1c: [io  0x0376]
[    0.702891] pci 0000:00:07.0: quirk: [io  0x4000-0x403f] claimed by PIIX4 ACPI
[    0.721518] pci 0000:00:07.0: quirk: [io  0x4100-0x410f] claimed by PIIX4 SMB
[    0.736237] ACPI: PCI Interrupt Link [LNKA] (IRQs 5 9 10 *11)
[    0.739292] ACPI: PCI Interrupt Link [LNKB] (IRQs 5 9 *10 11)
[    0.742054] ACPI: PCI Interrupt Link [LNKC] (IRQs 5 *9 10 11)
[    0.744861] ACPI: PCI Interrupt Link [LNKD] (IRQs 5 9 10 *11)
[    0.747646] ACPI: Enabled 2 GPEs in block 00 to 07
[    0.750028] vgaarb: setting as boot device: PCI:0000:00:02.0
[    0.751769] vgaarb: device added: PCI:0000:00:02.0,decodes=io+mem,owns=io+mem,locks=none
[    0.754497] vgaarb: loaded
[    0.755581] vgaarb: bridge control possible 0000:00:02.0
[    0.757694] SCSI subsystem initialized
[    0.759309] ACPI: bus type USB registered
[    0.760728] usbcore: registered new interface driver usbfs
[    0.762438] usbcore: registered new interface driver hub
[    0.764203] usbcore: registered new device driver usb
[    0.766321] PCI: Using ACPI for IRQ routing
[    0.768167] NetLabel: Initializing
[    0.769439] NetLabel:  domain hash size = 128
[    0.770888] NetLabel:  protocols = UNLABELED CIPSOv4
[    0.772603] NetLabel:  unlabeled traffic allowed by default
[    0.774654] amd_nb: Cannot enumerate AMD northbridges
[    0.776461] clocksource: Switched to clocksource kvm-clock
[    0.795766] AppArmor: AppArmor Filesystem Enabled
[    0.797466] pnp: PnP ACPI init
[    0.799816] pnp: PnP ACPI: found 3 devices
[    0.813659] clocksource: acpi_pm: mask: 0xffffff max_cycles: 0xffffff, max_idle_ns: 2085701024 ns
[    0.816517] NET: Registered protocol family 2
[    0.818210] TCP established hash table entries: 8192 (order: 4, 65536 bytes)
[    0.820250] TCP bind hash table entries: 8192 (order: 5, 131072 bytes)
[    0.822342] TCP: Hash tables configured (established 8192 bind 8192)
[    0.824248] UDP hash table entries: 512 (order: 2, 16384 bytes)
[    0.826102] UDP-Lite hash table entries: 512 (order: 2, 16384 bytes)
[    0.827995] NET: Registered protocol family 1
[    0.829536] pci 0000:00:00.0: Limiting direct PCI/PCI transfers
[    0.831332] pci 0000:00:01.0: Activating ISA DMA hang workarounds
[    0.838179] Unpacking initramfs...
[    1.304158] Freeing initrd memory: 14828K
[    1.305752] clocksource: tsc: mask: 0xffffffffffffffff max_cycles: 0x396d4a59358, max_idle_ns: 881590518684 ns
[    1.308869] platform rtc_cmos: registered platform RTC device (no PNP device found)
[    1.311388] Scanning for low memory corruption every 60 seconds
[    1.313855] audit: initializing netlink subsys (disabled)
[    1.315550] audit: type=2000 audit(1570694419.248:1): initialized
[    1.318027] Initialise system trusted keyring
[    1.319765] HugeTLB registered 2 MB page size, pre-allocated 0 pages
[    1.323786] zbud: loaded
[    1.325269] VFS: Disk quotas dquot_6.6.0
[    1.326644] VFS: Dquot-cache hash table entries: 512 (order 0, 4096 bytes)
[    1.329061] squashfs: version 4.0 (2009/01/31) Phillip Lougher
[    1.331343] fuse init (API version 7.23)
[    1.333008] Key type big_key registered
[    1.334358] Allocating IMA MOK and blacklist keyrings.
[    1.343683] Key type asymmetric registered
[    1.345156] Asymmetric key parser 'x509' registered
[    1.346797] Block layer SCSI generic (bsg) driver version 0.4 loaded (major 249)
[    1.349392] io scheduler noop registered
[    1.350732] io scheduler deadline registered (default)
[    1.352360] io scheduler cfq registered
[    1.353893] pci_hotplug: PCI Hot Plug PCI Core version: 0.5
[    1.355597] pciehp: PCI Express Hot Plug Controller Driver version: 0.4
[    1.357778] ACPI: AC Adapter [AC] (on-line)
[    1.359290] input: Power Button as /devices/LNXSYSTM:00/LNXPWRBN:00/input/input0
[    1.361889] ACPI: Power Button [PWRF]
[    1.363265] input: Sleep Button as /devices/LNXSYSTM:00/LNXSLPBN:00/input/input1
[    1.365816] ACPI: Sleep Button [SLPF]
[    1.367395] GHES: HEST is not enabled!
[    1.368450] ACPI: Battery Slot [BAT0] (battery present)
[    1.370719] Serial: 8250/16550 driver, 32 ports, IRQ sharing enabled
[    1.393719] 00:02: ttyS0 at I/O 0x3f8 (irq = 4, base_baud = 115200) is a 16550A
[    1.400665] Linux agpgart interface v0.103
[    1.404749] loop: module loaded
[    1.414383] scsi host0: ata_piix
[    1.415854] scsi host1: ata_piix
[    1.417317] ata1: PATA max UDMA/33 cmd 0x1f0 ctl 0x3f6 bmdma 0xd000 irq 14
[    1.419728] ata2: PATA max UDMA/33 cmd 0x170 ctl 0x376 bmdma 0xd008 irq 15
[    1.421950] libphy: Fixed MDIO Bus: probed
[    1.423409] tun: Universal TUN/TAP device driver, 1.6
[    1.425057] tun: (C) 1999-2004 Max Krasnyansky <maxk@qualcomm.com>
[    1.427181] PPP generic driver version 2.4.2
[    1.428809] ehci_hcd: USB 2.0 'Enhanced' Host Controller (EHCI) Driver
[    1.430711] ehci-pci: EHCI PCI platform driver
[    1.432158] ehci-platform: EHCI generic platform driver
[    1.433905] ohci_hcd: USB 1.1 'Open' Host Controller (OHCI) Driver
[    1.435880] ohci-pci: OHCI PCI platform driver
[    1.437411] ohci-platform: OHCI generic platform driver
[    1.439114] uhci_hcd: USB Universal Host Controller Interface driver
[    1.441118] i8042: PNP: PS/2 Controller [PNP0303:PS2K,PNP0f03:PS2M] at 0x60,0x64 irq 1,12
[    1.444418] serio: i8042 KBD port at 0x60,0x64 irq 1
[    1.446004] serio: i8042 AUX port at 0x60,0x64 irq 12
[    1.447991] mousedev: PS/2 mouse device common for all mice
[    1.450434] input: AT Translated Set 2 keyboard as /devices/platform/i8042/serio0/input/input2
[    1.453969] rtc_cmos rtc_cmos: rtc core: registered rtc_cmos as rtc0
[    1.455931] rtc_cmos rtc_cmos: alarms up to one day, 114 bytes nvram
[    1.457972] i2c /dev entries driver
[    1.459290] device-mapper: uevent: version 1.0.3
[    1.461145] device-mapper: ioctl: 4.34.0-ioctl (2015-10-28) initialised: dm-devel@redhat.com
[    1.464393] ledtrig-cpu: registered to indicate activity on CPUs
[    1.467360] NET: Registered protocol family 10
[    1.469315] NET: Registered protocol family 17
[    1.471404] Key type dns_resolver registered
[    1.473762] registered taskstats version 1
[    1.475169] Loading compiled-in X.509 certificates
[    1.477651] Loaded X.509 cert 'Build time autogenerated kernel key: 0ed82eac04367aa6426493b1389455ebf6830eaa'
[    1.480693] zswap: loaded using pool lzo/zbud
[    1.494491] Key type trusted registered
[    1.500581] Key type encrypted registered
[    1.502108] AppArmor: AppArmor sha1 policy hashing enabled
[    1.503811] ima: No TPM chip found, activating TPM-bypass!
[    1.505649] ima: Allocated hash algorithm: sha1
[    1.507127] evm: HMAC attrs: 0x1
[    1.508898]   Magic number: 7:583:17
[    1.510307] rtc_cmos rtc_cmos: setting system clock to 2019-10-10 08:00:14 UTC (1570694414)
[    1.513253] BIOS EDD facility v0.16 2004-Jun-25, 0 devices found
[    1.515126] EDD information not available.
[    1.580936] Freeing unused kernel memory: 1484K
[    1.583350] Write protecting the kernel read-only data: 14336k
[    1.587690] Freeing unused kernel memory: 1608K
[    1.590866] Freeing unused kernel memory: 64K
Loading, please wait...
starting version 229
[    1.614177] random: systemd-udevd: uninitialized urandom read (16 bytes read, 3 bits of entropy available)
[    1.615062] random: udevadm: uninitialized urandom read (16 bytes read, 3 bits of entropy available)
[    1.615091] random: udevadm: uninitialized urandom read (16 bytes read, 3 bits of entropy available)
[    1.622961] random: systemd-udevd: uninitialized urandom read (16 bytes read, 3 bits of entropy available)
[    1.624733] random: udevadm: uninitialized urandom read (16 bytes read, 3 bits of entropy available)
[    1.624789] random: udevadm: uninitialized urandom read (16 bytes read, 3 bits of entropy available)
[    1.624948] random: udevadm: uninitialized urandom read (16 bytes read, 3 bits of entropy available)
[    1.625005] random: udevadm: uninitialized urandom read (16 bytes read, 3 bits of entropy available)
[    1.625063] random: udevadm: uninitialized urandom read (16 bytes read, 3 bits of entropy available)
[    1.625119] random: udevadm: uninitialized urandom read (16 bytes read, 3 bits of entropy available)
[    1.688299] Fusion MPT base driver 3.04.20
[    1.689765] Copyright (c) 1999-2008 LSI Corporation
[    1.698909] e1000: Intel(R) PRO/1000 Network Driver - version 7.3.21-k8-NAPI
[    1.700986] e1000: Copyright (c) 1999-2006 Intel Corporation.
[    1.738545] Fusion MPT SPI Host driver 3.04.20
[    1.744929] AVX2 version of gcm_enc/dec engaged.
[    1.746428] AES CTR mode by8 optimization enabled
[    1.914162] input: ImExPS/2 Generic Explorer Mouse as /devices/platform/i8042/serio1/input/input4
[    2.133421] e1000 0000:00:03.0 eth0: (PCI:33MHz:32-bit) 02:0e:9b:2d:5b:92
[    2.135410] e1000 0000:00:03.0 eth0: Intel(R) PRO/1000 Network Connection
[    2.138616] mptbase: ioc0: Initiating bringup
[    2.292483] ioc0: LSI53C1030 A0: Capabilities={Initiator}
[    3.043330] scsi host2: ioc0: LSI53C1030 A0, FwRev=00000000h, Ports=1, MaxQ=256, IRQ=20
[    3.342455] scsi 2:0:0:0: Direct-Access     VBOX     HARDDISK         1.0  PQ: 0 ANSI: 5
[    3.347490] scsi target2:0:0: Beginning Domain Validation
[    3.354056] scsi target2:0:0: Domain Validation skipping write tests
[    3.355982] scsi target2:0:0: Ending Domain Validation
[    3.357854] scsi target2:0:0: asynchronous
[    3.360385] scsi 2:0:1:0: Direct-Access     VBOX     HARDDISK         1.0  PQ: 0 ANSI: 5
[    3.363167] scsi target2:0:1: Beginning Domain Validation
[    3.368025] scsi target2:0:1: Domain Validation skipping write tests
[    3.369994] scsi target2:0:1: Ending Domain Validation
[    3.371809] scsi target2:0:1: asynchronous
[    3.393798] sd 2:0:0:0: Attached scsi generic sg0 type 0
[    3.395950] sd 2:0:0:0: [sda] 20971520 512-byte logical blocks: (10.7 GB/10.0 GiB)
[    3.419562] sd 2:0:1:0: [sdb] 20480 512-byte logical blocks: (10.5 MB/10.0 MiB)
[    3.422646] sd 2:0:1:0: Attached scsi generic sg1 type 0
[    3.425186] sd 2:0:1:0: [sdb] Write Protect is off
[    3.427185] sd 2:0:0:0: [sda] Write Protect is off
[    3.429101] sd 2:0:1:0: [sdb] Incomplete mode parameter data
[    3.431060] sd 2:0:1:0: [sdb] Assuming drive cache: write through
[    3.434041] sd 2:0:0:0: [sda] Incomplete mode parameter data
[    3.436094] sd 2:0:0:0: [sda] Assuming drive cache: write through
[    3.447246]  sda: sda1
[    3.450855] sd 2:0:1:0: [sdb] Attached SCSI disk
[    3.452594] sd 2:0:0:0: [sda] Attached SCSI disk
[    3.755535] e1000 0000:00:08.0 eth1: (PCI:33MHz:32-bit) 08:00:27:b4:26:57
[    3.757687] e1000 0000:00:08.0 eth1: Intel(R) PRO/1000 Network Connection
[    3.761090] e1000 0000:00:08.0 enp0s8: renamed from eth1
[    3.777474] e1000 0000:00:03.0 enp0s3: renamed from eth0
Begin: Loading essential drivers ... [    5.310924] md: linear personality registered for level -1
[    5.316302] md: multipath personality registered for level -4
[    5.321938] md: raid0 personality registered for level 0
[    5.329185] md: raid1 personality registered for level 1
[    5.404915] raid6: sse2x1   gen()  5215 MB/s
[    5.472745] raid6: sse2x1   xor()  3659 MB/s
[    5.540885] raid6: sse2x2   gen()  5946 MB/s
[    5.608806] raid6: sse2x2   xor()  5088 MB/s
[    5.676530] raid6: sse2x4   gen()  6883 MB/s
[    5.744782] raid6: sse2x4   xor()  5241 MB/s
[    5.812606] raid6: avx2x1   gen() 10198 MB/s
[    5.880539] raid6: avx2x2   gen() 11645 MB/s
[    5.948755] raid6: avx2x4   gen() 13856 MB/s
[    5.950241] raid6: using algorithm avx2x4 gen() 13856 MB/s
[    5.951965] raid6: using avx2x2 recovery algorithm
[    5.955718] xor: automatically using best checksumming function:
[    5.997110]    avx       : 12183.000 MB/sec
[    6.000476] async_tx: api initialized (async)
[    6.018522] md: raid6 personality registered for level 6
[    6.020363] md: raid5 personality registered for level 5
[    6.022209] md: raid4 personality registered for level 4
[    6.033271] md: raid10 personality registered for level 10
done.
Begin: Running /scripts/init-premount ... done.
Begin: Mounting root file system ... Begin: Running /scripts/local-top ... done.
Begin: Running /scripts/local-premount ... [    6.077550] Btrfs loaded
Scanning for Btrfs filesystems
done.
Warning: fsck not present, so skipping root file system
[    6.126623] EXT4-fs (sda1): mounted filesystem with ordered data mode. Opts: (null)
done.
Begin: Running /scripts/local-bottom ... done.
Begin: Running /scripts/init-bottom ... done.
[    6.242225] systemd[1]: systemd 229 running in system mode. (+PAM +AUDIT +SELINUX +IMA +APPARMOR +SMACK +SYSVINIT +UTMP +LIBCRYPTSETUP +GCRYPT +GNUTLS +ACL +XZ -LZ4 +SECCOMP +BLKID +ELFUTILS +KMOD -IDN)
[    6.247640] systemd[1]: Detected virtualization oracle.
[    6.249354] systemd[1]: Detected architecture x86-64.

Welcome to [1mUbuntu 16.04.6 LTS[0m!

[    6.261377] systemd[1]: Set hostname to <ubuntu>.
[    6.265627] systemd[1]: Initializing machine ID from random generator.
[    6.267627] systemd[1]: Installed transient /etc/machine-id file.
[    6.418390] systemd[1]: Listening on Device-mapper event daemon FIFOs.
[[0;32m  OK  [0m] Listening on Device-mapper event daemon FIFOs.
[    6.421602] systemd[1]: Started Forward Password Requests to Wall Directory Watch.
[[0;32m  OK  [0m] Started Forward Password Requests to Wall Directory Watch.
[    6.433457] systemd[1]: Reached target Encrypted Volumes.
[[0;32m  OK  [0m] Reached target Encrypted Volumes.
[    6.436150] systemd[1]: Listening on udev Kernel Socket.
[[0;32m  OK  [0m] Listening on udev Kernel Socket.
[    6.438984] systemd[1]: Listening on LVM2 metadata daemon socket.
[[0;32m  OK  [0m] Listening on LVM2 metadata daemon socket.
[    6.449259] systemd[1]: Listening on udev Control Socket.
[[0;32m  OK  [0m] Listening on udev Control Socket.
[    6.456941] systemd[1]: Listening on Syslog Socket.
[[0;32m  OK  [0m] Listening on Syslog Socket.
[    6.465533] systemd[1]: Listening on /dev/initctl Compatibility Named Pipe.
[[0;32m  OK  [0m] Listening on /dev/initctl Compatibility Named Pipe.
[    6.469006] systemd[1]: Set up automount Arbitrary Executable File Formats File System Automount Point.
[[0;32m  OK  [0m] Set up automount Arbitrary Executab...ats File System Automount Point.
[    6.481673] systemd[1]: Created slice User and Session Slice.
[[0;32m  OK  [0m] Created slice User and Session Slice.
[    6.489464] systemd[1]: Created slice System Slice.
[[0;32m  OK  [0m] Created slice System Slice.
[    6.497207] systemd[1]: Created slice system-serial\x2dgetty.slice.
[[0;32m  OK  [0m] Created slice system-serial\x2dgetty.slice.
[    6.504859] systemd[1]: Listening on Journal Audit Socket.
[[0;32m  OK  [0m] Listening on Journal Audit Socket.
[    6.513548] systemd[1]: Started Trigger resolvconf update for networkd DNS.
[[0;32m  OK  [0m] Started Trigger resolvconf update for networkd DNS.
[    6.525225] systemd[1]: Reached target Slices.
[[0;32m  OK  [0m] Reached target Slices.
[    6.533086] systemd[1]: Listening on Journal Socket (/dev/log).
[[0;32m  OK  [0m] Listening on Journal Socket (/dev/log).
[    6.536067] systemd[1]: Listening on Journal Socket.
[[0;32m  OK  [0m] Listening on Journal Socket.
[    6.561402] systemd[1]: Starting Monitoring of LVM2 mirrors, snapshots etc. using dmeventd or progress polling...
         Starting Monitoring of LVM2 mirrors... dmeventd or progress polling...
[    6.574624] systemd[1]: Mounting POSIX Message Queue File System...
         Mounting POSIX Message Queue File System...
[    6.579954] systemd[1]: Starting Create list of required static device nodes for the current kernel...
         Starting Create list of required st... nodes for the current kernel...
[    6.592414] systemd[1]: Starting Load Kernel Modules...
         Starting Load Kernel Modules...
[    6.601803] systemd[1]: Mounting Debug File System...
[    6.603851] Loading iSCSI transport class v2.0-870.
         Mounting Debug File System...
[    6.606772] systemd[1]: Starting Set console keymap...
         Starting Set console keymap...
[    6.610378] systemd[1]: Starting Journal Service...
         Starting Journal Service...
[    6.625948] iscsi: registered transport (tcp)
[    6.644852] systemd[1]: Mounting Huge Pages File System...
         Mounting Huge Pages File System...
[    6.666287] systemd[1]: Starting Uncomplicated firewall...
         Starting Uncomplicated firewall...
[    6.670452] systemd[1]: Starting Remount Root and Kernel File Systems...
         Starting Remount Root and Kernel File Systems...
[    6.676563] systemd[1]: Reached target User and Group Name Lookups.
[    6.678941] EXT4-fs (sda1): re-mounted. Opts: (null)
[[0;32m  OK  [0m] Reached target User and Group Name Lookups.
[    6.681323] systemd[1]: Reached target Swap.
[[0;32m  OK  [0m] Reached target Swap.
[    6.683568] systemd[1]: Reached target System Time Synchronized.
[[0;32m  OK  [0m] Reached target System Time Synchronized.
[    6.692052] iscsi: registered transport (iser)
[    6.693222] systemd[1]: Listening on LVM2 poll daemon socket.
[[0;32m  OK  [0m] Listening on LVM2 poll daemon socket.
[    6.709514] systemd[1]: Starting Nameserver information manager...
         Starting Nameserver information manager...
[    6.714635] systemd[1]: Mounted POSIX Message Queue File System.
[[0;32m  OK  [0m] Mounted POSIX Message Queue File System.
[    6.725255] systemd[1]: Mounted Debug File System.
[[0;32m  OK  [0m] Mounted Debug File System.
[    6.727916] systemd[1]: Mounted Huge Pages File System.
[[0;32m  OK  [0m] Mounted Huge Pages File System.
[    6.742953] systemd[1]: Started Journal Service.
[[0;32m  OK  [0m] Started Journal Service.
[[0;32m  OK  [0m] Started Create list of required sta...ce nodes for the current kernel.
[[0;32m  OK  [0m] Started Load Kernel Modules.
[[0;32m  OK  [0m] Started Set console keymap.
[[0;32m  OK  [0m] Started Uncomplicated firewall.
[[0;32m  OK  [0m] Started Remount Root and Kernel File Systems.
[[0;32m  OK  [0m] Started Nameserver information manager.
[[0;32m  OK  [0m] Started LVM2 metadata daemon.
         Starting Load/Save Random Seed...
         Starting udev Coldplug all Devices...
         Starting Apply Kernel Variables...
         Mounting FUSE Control File System...
         Starting Create Static Device Nodes in /dev...
         Starting Flush Journal to Persistent Storage...
[[0;32m  OK  [0m] Mounted FUSE Control File System.
[[0;32m  OK  [0m] Started Load/Save Random Seed.
[[0;32m  OK  [0m] Started Apply Kernel Variables.
[[0;32m  OK  [0m] Started Create Static Device Nodes in /dev.
[[0;32m  OK  [0m] Started udev Coldplug all Devices.
[[0;32m  OK  [0m] Started Flush Journal to Persistent Storage.
         Starting udev Kernel Device Manager...
[[0;32m  OK  [0m] Started udev Kernel Device Manager.
[[0;32m  OK  [0m] Started Dispatch Password Requests to Console Directory Watch.
[[0;32m  OK  [0m] Found device /dev/ttyS0.
[[0;32m  OK  [0m] Started Monitoring of LVM2 mirrors,...ng dmeventd or progress polling.
[[0;32m  OK  [0m] Reached target Local File Systems (Pre).
[[0;32m  OK  [0m] Reached target Local File Systems.
         Starting Set console font and keymap...
         Starting LSB: AppArmor initialization...
         Starting Initial cloud-init job (pre-networking)...
         Starting Tell Plymouth To Write Out Runtime Data...
         Starting Create Volatile Files and Directories...
         Starting Commit a transient machine-id on disk...
[[0;32m  OK  [0m] Started Tell Plymouth To Write Out Runtime Data.
[[0;32m  OK  [0m] Started Create Volatile Files and Directories.
[[0;32m  OK  [0m] Started Commit a transient machine-id on disk.
         Starting Update UTMP about System Boot/Shutdown...
[[0;32m  OK  [0m] Started Update UTMP about System Boot/Shutdown.
[[0;32m  OK  [0m] Listening on Load/Save RF Kill Switch Status /dev/rfkill Watch.
[    8.793270] cloud-init[541]: Cloud-init v. 19.2-36-g059d049c-0ubuntu1~16.04.1 running 'init-local' at Thu, 10 Oct 2019 08:00:21 +0000. Up 8.20 seconds.
[[0;32m  OK  [0m] Started Initial cloud-init job (pre-networking).
[[0;32m  OK  [0m] Started LSB: AppArmor initialization.
[[0;32m  OK  [0m] Reached target Network (Pre).
         Starting Raise network interfaces...
[[0;32m  OK  [0m] Started Set console font and keymap.
[[0;32m  OK  [0m] Created slice system-getty.slice.
[[0;32m  OK  [0m] Started Raise network interfaces.
[[0;32m  OK  [0m] Reached target Network.
         Starting Initial cloud-init job (metadata service crawler)...
[   11.013288] cloud-init[970]: Cloud-init v. 19.2-36-g059d049c-0ubuntu1~16.04.1 running 'init' at Thu, 10 Oct 2019 08:00:23 +0000. Up 10.20 seconds.
[   11.015248] cloud-init[970]: ci-info: ++++++++++++++++++++++++++++++++++++++Net device info++++++++++++++++++++++++++++++++++++++
[   11.016804] cloud-init[970]: ci-info: +--------+-------+---------------------------+---------------+--------+-------------------+
[   11.024497] cloud-init[970]: ci-info: | Device |   Up  |          Address          |      Mask     | Scope  |     Hw-Address    |
[   11.026236] cloud-init[970]: ci-info: +--------+-------+---------------------------+---------------+--------+-------------------+
[   11.027908] cloud-init[970]: ci-info: | enp0s3 |  True |         10.0.2.15         | 255.255.255.0 | global | 02:0e:9b:2d:5b:92 |
[   11.029522] cloud-init[970]: ci-info: | enp0s3 |  True | fe80::e:9bff:fe2d:5b92/64 |       .       |  link  | 02:0e:9b:2d:5b:92 |
[   11.031392] cloud-init[970]: ci-info: | enp0s8 | False |             .             |       .       |   .    | 08:00:27:b4:26:57 |
[   11.033062] cloud-init[970]: ci-info: |   lo   |  True |         127.0.0.1         |   255.0.0.0   |  host  |         .         |
[   11.034820] cloud-init[970]: ci-info: |   lo   |  True |          ::1/128          |       .       |  host  |         .         |
[   11.036542] cloud-init[970]: ci-info: +--------+-------+---------------------------+---------------+--------+-------------------+
[   11.038199] cloud-init[970]: ci-info: +++++++++++++++++++++++++++Route IPv4 info++++++++++++++++++++++++++++
[   11.044998] cloud-init[970]: ci-info: +-------+-------------+----------+---------------+-----------+-------+
[   11.052780] cloud-init[970]: ci-info: | Route | Destination | Gateway  |    Genmask    | Interface | Flags |
[   11.060711] cloud-init[970]: ci-info: +-------+-------------+----------+---------------+-----------+-------+
[   11.062363] cloud-init[970]: ci-info: |   0   |   0.0.0.0   | 10.0.2.2 |    0.0.0.0    |   enp0s3  |   UG  |
[   11.063788] cloud-init[970]: ci-info: |   1   |   10.0.2.0  | 0.0.0.0  | 255.255.255.0 |   enp0s3  |   U   |
[   11.072465] cloud-init[970]: ci-info: +-------+-------------+----------+---------------+-----------+-------+
[   11.073947] cloud-init[970]: ci-info: +++++++++++++++++++Route IPv6 info+++++++++++++++++++
[[0;32m  OK  [0m] Started Initial cloud-init job (metadata service crawler).
[   11.082054] cloud-init[970]: ci-info: +-------+-------------+---------+-----------+-------+
[[0;32m  OK  [0m] Reached target System Initialization.
[   11.085585] [[0;32m  OK  [0m] Started Daily Cleanup of Temporary Directories.
[[0;32m  OK  [0m] Listening on D-Bus System Message Bus Socket.
[[0;32m  OK  [0m] Listening on UUID daemon activation socket.
cloud-init[970]: ci-info: | Route | Destination | Gateway | Interface | Flags |
[   11.088479]          Starting LXD - unix socket.
[[0;32m  OK  [0m] Listening on ACPID Listen Socket.
cloud-init         Starting Socket activation for snappy daemon.
[[0;32m  OK  [0m] Started Daily apt download activities.
[[0;32m  OK  [0m] Started Daily apt upgrade and clean activities.
[[0;32m  OK  [0m] Reached target Timers.
[970]: ci-info: +-------+-------------+---------+-----------+-------+
[[0;32m  OK  [0m] Started ACPI Events Check.
[[   11.093831] [0;32m  OK  [0mcloud-init] [970]: Reached target Paths.ci-info: |   0   |  fe80::/64  |    ::   |   enp0s3  |   U   |

[[0;32m  OK  [0m] Reached target Cloud-config availability.
[   11.096744] [[0;32m  OK  [0m] Reached target Network is Online.
cloud-init[970]: ci-info: |   3   |   ff00::/8  |    ::   |   enp0s3  |   U   |
[   11.099486] cloud-init[970]: ci-info: +-------+-------------+---------+-----------+-------+
[   11.101503] cloud-init[970]: Generating public/private rsa key pair.
[   11.103064] cloud-init[970]: Your identification has been saved in /etc/ssh/ssh_host_rsa_key.
[   11.105063] cloud-init[970]: Your public key has been saved in /etc/ssh/ssh_host_rsa_key.pub.
[   11.107008] cloud-init[970]: The key fingerprint is:         Starting iSCSI initiator daemon (iscsid)...

[   11.109295] [[0;32m  OK  [0m] Listening on LXD - unix socket.
[[0;32m  OK  [0m] Listening on Socket activation for snappy daemon.
[[0;32m  OK  [0m] Reached target Sockets.
[[0;32m  OK  [0m] Reached target Basic System.
cloud-init[970]: SHA256:T2+T29EBZ94yQJbr6vKyReeHSxSitLkIkcXJey10vIM root@ubuntu-xenial[
[0;32m  OK  [0m] Started D-Bus System Message Bus.
[   11.114851] cloud-init[970]: The key's randomart image is:
[   11.120123] cloud-init[970]: +---[RSA 2048]----+
[   11.122240] cloud-init[970]: |     o.. .  o.   |
[   11.128720] cloud-init[970]: |     o+ . oo.    |
[   11.130771] cloud-init[970]: |    o  o.+..oo o |
[   11.131880] cloud-init[970]: |     ...E++..o= .|
[   11.133348] cloud-init[970]: |    .  .S.ooo oo.|
[   11.135462] cloud-init[970]: |     . . = =.o +.|
[   11.137414] cloud-init[970]: |      . . o.O o .|
[   11.138661] cloud-init[970]: |        o..o * . |
[   11.144778] cloud-init[970]: |        .*o o .  |
[   11.145662] cloud-init[970]: +----[SHA256]-----+
[   11.146500] cloud-init[970]: Generating public/private dsa key pair.
[   11.147529] cloud-init[970]: Your identification has been saved in /etc/ssh/ssh_host_dsa_key.
[   11.148823] cloud-init[970]: Your public key has been saved in /etc/ssh/ssh_host_dsa_key.pub.
[   11.157160]          Starting LXD - container startup/shutdown...
cloud-init[970]: The key fingerprint is:
[   11.159397] [[0;32m  OK  [0m] Started ACPI event daemon.
cloud-init[970]: SHA256:QAS2mD2rmkK60cWmOkxwiRTlpwxp/qqNYeaxub16qJs root@ubuntu-xenial
[   11.163380] cloud-init         Starting /etc/rc.local Compatibility...
[970]: The key's randomart image is:
[[0;32m  OK  [0m] Started Regular background program processing daemon.
[   11.167252] cloud-init[970]: +---[DSA 1024]----+
[   11.169506] cloud-init[970]: | .o.ooo          |         Starting Accounts Service...

[   11.176590]          Starting System Logging Service...
cloud-init[[0;32m  OK  [0m] Started FUSE filesystem for LXC.
[970]: | .o= o           |         Starting Login Service...

[   11.179937] cloud-init         Starting Virtualbox guest utils...
[970]: |.=oo+..          |
[[0;32m  OK  [0m] Started Deferred execution scheduler.
[   11.182127]          Starting LSB: Record successful boot for GRUB...
cloud-init[970]: |= =.oo .         |
[   11.185519] cloud-init[970]: |.o o=   S        |
[   11.188020]          Starting LSB: MD monitoring daemon...
cloud-init[970]: | +.=             |
[   11.190419] cloud-init         Starting Snappy daemon...
[970]:          Starting Pollinate to seed the pseudo random number generator...
[[0;32m  OK  [0m] Started /etc/rc.local Compatibility.
|B+=.             |
[   11.222742] cloud-init[970]: |B%*.             |
[   11.226621] cloud-init[970]: |E@=o.            |
[   11.237287] cloud-init[970]: +----[SHA256]-----+
[   11.239401] [[0;32m  OK  [0m] Started iSCSI initiator daemon (iscsid).
cloud-init[970]: Generating public/private ecdsa key pair.
[   11.249889] cloud-init[970]: Your identification has been saved in /etc/ssh/ssh_host_ecdsa_key.
[   11.254037] cloud-init[970]: Your public key has been saved in /etc/ssh/ssh_host_ecdsa_key.pub.
[   11.256656] cloud-init[970]: The key fingerprint is:
[   11.258347] cloud-init[970]: SHA256:C6n9h4NCxmP+BHKBLaDxqYZvWYQfW/sZMRHzAGuh968 root@ubuntu-xenial
[   11.260719] cloud-init[970]: The key's randomart image is:
[   11.262908] cloud-init[970]: +---[ECDSA 256]---+
[   11.267767] cloud-init[970]: |o     o.=.       |
[   11.272786] cloud-init[970]: |.+ = . o =       |
[[0;32m  OK  [0m] Started System Logging Service.
[   11.276558] cloud-init[970]: |. * * = o .      |
[   11.283161] cloud-init[970]: |.. + B + o       |
[   11.287060] cloud-init[970]: |o...* + S        |
[   11.288792] cloud-init[970]: |.. =*+ o =       |
[   11.291514] cloud-init[970]: |  +=..o.+..      |
[   11.293732] cloud-init[970]: | .  o...o..      |
[   11.300172] cloud-init[970]: |     o. Eo       |
[   11.302382] cloud-init[970]: +----[SHA256]-----+
[   11.310650] cloud-init[970]: Generating public/private ed25519 key pair.
[   11.327824] cloud-init[970]: Your identification has been saved in /etc/ssh/ssh_host_ed25519_key.
[   11.337838] cloud-init[970]: Your public key has been saved in /etc/ssh/ssh_host_ed25519_key.pub.
[   11.341354] cloud-init[970]: The key fingerprint is:
         Starting Login to default iSCSI targets...
[[0;32m  OK  [0m] Started Login Service.
[[0;32m  OK  [0m] Started Unattended Upgrades Shutdown.
[   11.343241] cloud-init[970]: SHA256:oVP+v4lsBrisjx9Bk7UhGz8THnifwHzmhQD3VwfQwNo root@ubuntu-xenial
[   11.382258] cloud-init[970]: The key's randomart image is:
[   11.384234] cloud-init[970]: +--[ED25519 256]--+
[   11.407053] cloud-init[970]: |      +=B. oo+o..|
[   11.411657] cloud-init         Starting Authenticate and Authorize Users to Run Privileged Tasks...
[[0;32m  OK  [0m] Started LSB: MD monitoring daemon.
[970]: |      .X=*+ o... |
[   11.426624] cloud-init[970]: |      =.O*.=.    |
[   11.440773] [[0;32m  OK  [0m] Started LSB: Record successful boot for GRUB.
cloud-init[970]: [[0;32m  OK  [0m] Started Login to default iSCSI targets.
|     . = +=.E    |
[   11.443050] cloud-init[970]: |      +.S        |
[   11.445368] cloud-init[970]: |      .o..       |
[   11.449786] cloud-init[970]: |     ... ..      |
[[0;32m  OK  [0m] Reached target Remote File Systems (Pre).
[[0;32m  OK  [0m] Reached target Remote File Systems.
[   11.464939] cloud-init[970]: |     .o. .oo .   |
[   11.468638] cloud-init[970]: |    o+o  oo +.   |
[   11.470398] cloud-init[970]: +----[SHA256]-----+
         Starting LSB: daemon to balance interrupts for SMP systems...
         Starting LSB: automatic crash report generation...
         Starting Permit User Sessions...
         Starting LSB: Set the CPU Frequency Scaling governor to "ondemand"...
[[0;32m  OK  [0m] Started Permit User Sessions.
         Starting Hold until boot process finishes up...
         Starting Terminate Plymouth Boot Screen...
[[0;32m  OK  [0m] Started LSB: Set the CPU Frequency Scaling governor to "ondemand".
[[0;32m  OK  [0m] Started Hold until boot process finishes up.
[[0;32m  OK  [0m] Started Authenticate and Authorize Users to Run Privileged Tasks.
[[0;32m  OK  [0m] Started Terminate Plymouth Boot Screen.
[[0;32m  OK  [0m] Started Accounts Service.
         Starting Set console scheme...
[[0;32m  OK  [0m] Started Getty on tty1.
[[0;32m  OK  [0m] Started Serial Getty on ttyS0.
[[0;32m  OK  [0m] Reached target Login Prompts.
[[0;32m  OK  [0m] Started Virtualbox guest utils.
[[0;32m  OK  [0m] Started Set console scheme.
[[0;32m  OK  [0m] Started LSB: automatic crash report generation.
[[0;32m  OK  [0m] Started LSB: daemon to balance interrupts for SMP systems.
[[0;32m  OK  [0m] Started LXD - container startup/shutdown.
[[0;32m  OK  [0m] Started Snappy daemon.
         Starting Wait until snapd is fully seeded...
[[0;32m  OK  [0m] Started Pollinate to seed the pseudo random number generator.
         Starting OpenBSD Secure Shell server...
[[0;32m  OK  [0m] Started OpenBSD Secure Shell server.
[[0;32m  OK  [0m] Created slice User Slice of vagrant.
         Starting User Manager for UID 1000...
[[0;32m  OK  [0m] Started Session 1 of user vagrant.
[[0;32m  OK  [0m] Started User Manager for UID 1000.
[[0;32m  OK  [0m] Started Wait until snapd is fully seeded.
         Starting Apply the settings specified in cloud-config...
[[0;32m  OK  [0m] Reached target Multi-User System.
[[0;32m  OK  [0m] Reached target Graphical Interface.
         Starting Update UTMP about System Runlevel Changes...
[[0;32m  OK  [0m] Started Update UTMP about System Runlevel Changes.
[   13.734324] cloud-init[1390]: Generating locales (this might take a while)...
[   14.924097] cloud-init[1390]:   en_US.UTF-8... done
[   14.925706] cloud-init[1390]: Generation complete.
[   15.331152] cloud-init[1390]: Cloud-init v. 19.2-36-g059d049c-0ubuntu1~16.04.1 running 'modules:config' at Thu, 10 Oct 2019 08:00:26 +0000. Up 13.54 seconds.
[[0;32m  OK  [0m] Started Apply the settings specified in cloud-config.
         Starting Execute cloud user/final scripts...
ci-info: no authorized ssh keys fingerprints found for user ubuntu.
<14>Oct 10 08:00:29 ec2: 
<14>Oct 10 08:00:29 ec2: #############################################################
<14>Oct 10 08:00:29 ec2: -----BEGIN SSH HOST KEY FINGERPRINTS-----
<14>Oct 10 08:00:29 ec2: 1024 SHA256:QAS2mD2rmkK60cWmOkxwiRTlpwxp/qqNYeaxub16qJs root@ubuntu-xenial (DSA)
<14>Oct 10 08:00:29 ec2: 256 SHA256:C6n9h4NCxmP+BHKBLaDxqYZvWYQfW/sZMRHzAGuh968 root@ubuntu-xenial (ECDSA)
<14>Oct 10 08:00:29 ec2: 256 SHA256:oVP+v4lsBrisjx9Bk7UhGz8THnifwHzmhQD3VwfQwNo root@ubuntu-xenial (ED25519)
<14>Oct 10 08:00:29 ec2: 2048 SHA256:T2+T29EBZ94yQJbr6vKyReeHSxSitLkIkcXJey10vIM root@ubuntu-xenial (RSA)
<14>Oct 10 08:00:29 ec2: -----END SSH HOST KEY FINGERPRINTS-----
<14>Oct 10 08:00:29 ec2: #############################################################
-----BEGIN SSH HOST KEY KEYS-----
ecdsa-sha2-nistp256 AAAAE2VjZHNhLXNoYTItbmlzdHAyNTYAAAAIbmlzdHAyNTYAAABBBPwIPfJVHGRpkwiVbuXMa01UiMER0XSpGQTs7maYRdxQ8PokLJc4lcQ0yxOl8eO5n0bF2tg8AGHJD3xw1Rg8wgw= root@ubuntu-xenial
ssh-ed25519 AAAAC3NzaC1lZDI1NTE5AAAAIFhIoIC/jztq7Nn9QKhgr35JKuKO/c48rfhVS/M9cpdF root@ubuntu-xenial
ssh-rsa AAAAB3NzaC1yc2EAAAADAQABAAABAQC5CJ7+gLytDF/22GOdzskJGowLJiDmdI6WtIq2ZWLk8YupCpQ1DhwWZeq1s4PUZfvQkeGHjku4Tmn92aef7EZABzmKoU/yKQsrBVIPqEtAouLW4cbc7s+Wcc88drjyyiYp6Q9lHgw491nq3Afn1WHajdXcQw+u++fuGx7PLBMPID4CfGdLT9zcA7kWOUvq/E0St2uhQO+1LIzcwNp7X3rtmkRM/1h6ocUl7LoK0MV8CjBIwMrw7NcsXz+JE9MtYcoMu5IGJ+haNG5hV8JFytdnFyDNK6Aoxeucu1fAxa/04uwBHAOlx7Ooj9e5X0Tm1Jfuufi/MSCSLQUrMMdsDECr root@ubuntu-xenial
-----END SSH HOST KEY KEYS-----
[   16.072362] cloud-init[1550]: Cloud-init v. 19.2-36-g059d049c-0ubuntu1~16.04.1 running 'modules:final' at Thu, 10 Oct 2019 08:00:29 +0000. Up 15.87 seconds.
[   16.074552] cloud-init[1550]: ci-info: no authorized ssh keys fingerprints found for user ubuntu.
[   16.076824] cloud-init[1550]: Cloud-init v. 19.2-36-g059d049c-0ubuntu1~16.04.1 finished at Thu, 10 Oct 2019 08:00:29 +0000. Datasource DataSourceNoCloud [seed=/dev/sdb][dsmode=net].  Up 16.06 seconds
[[0;32m  OK  [0m] Started Execute cloud user/final scripts.
[[0;32m  OK  [0m] Reached target Cloud-init target.

Ubuntu 16.04.6 LTS ubuntu-xenial ttyS0

ubuntu-xenial login:          Stopping Authenticate and Authorize Users to Run Privileged Tasks...
         Stopping User Manager for UID 1000...
[[0;32m  OK  [0m] Stopped target Graphical Interface.
[[0;32m  OK  [0m] Stopped target Cloud-init target.
         Stopping Session 2 of user vagrant.
[[0;32m  OK  [0m] Stopped Execute cloud user/final scripts.
[[0;32m  OK  [0m] Stopped Apply the settings specified in cloud-config.
[[0;32m  OK  [0m] Stopped target Cloud-config availability.
[[0;32m  OK  [0m] Stopped target Multi-User System.
         Stopping Regular background program processing daemon...
         Stopping LXD - container startup/shutdown...
         Stopping LSB: Record successful boot for GRUB...
         Stopping FUSE filesystem for LXC...
         Stopping LSB: daemon to balance interrupts for SMP systems...
         Stopping Deferred execution scheduler...
         Stopping System Logging Service...
         Stopping LSB: Set the CPU Frequency Scaling governor to "ondemand"...
         Stopping Unattended Upgrades Shutdown...
         Stopping ACPI event daemon...
         Stopping LSB: MD monitoring daemon...
[[0;32m  OK  [0m] Stopped Wait until snapd is fully seeded.
[[0;32m  OK  [0m] Stopped target Login Prompts.
         Stopping Getty on tty1...
         Stopping Serial Getty on ttyS0...
         Stopping Virtualbox guest utils...
[[0;32m  OK  [0m] Stopped target Timers.
[[0;32m  OK  [0m] Stopped Daily apt upgrade and clean activities.
[[0;32m  OK  [0m] Stopped Daily Cleanup of Temporary Directories.
         Stopping OpenBSD Secure Shell server...
[[0;32m  OK  [0m] Stopped Daily apt download activities.
[[0;32m  OK  [0m] Stopped target System Time Synchronized.
         Stopping Accounts Service...
         Stopping D-Bus System Message Bus...
[[0;32m  OK  [0m] Closed Load/Save RF Kill Switch Status /dev/rfkill Watch.
         Stopping LSB: automatic crash report generation...
[[0;32m  OK  [0m] Unmounted /var/lib/lxcfs.
[[0;32m  OK  [0m] Stopped ACPI event daemon.
[[0;32m  OK  [0m] Stopped Regular background program processing daemon.
[[0;32m  OK  [0m] Stopped Accounts Service.
[[0;32m  OK  [0m] Stopped System Logging Service.
[[0;32m  OK  [0m] Stopped Deferred execution scheduler.
[[0;32m  OK  [0m] Stopped Unattended Upgrades Shutdown.
[[0;32m  OK  [0m] Stopped Authenticate and Authorize Users to Run Privileged Tasks.
[[0;32m  OK  [0m] Stopped Getty on tty1.
[[0;32m  OK  [0m] Stopped Serial Getty on ttyS0.
[[0;32m  OK  [0m] Stopped OpenBSD Secure Shell server.
[[0;32m  OK  [0m] Stopped User Manager for UID 1000.
[[0;32m  OK  [0m] Stopped Session 2 of user vagrant.
[[0;32m  OK  [0m] Stopped D-Bus System Message Bus.
[[0;32m  OK  [0m] Stopped FUSE filesystem for LXC.
[[0;32m  OK  [0m] Stopped LXD - container startup/shutdown.
[[0;32m  OK  [0m] Stopped LSB: Record successful boot for GRUB.
[[0;32m  OK  [0m] Stopped LSB: daemon to balance interrupts for SMP systems.
[[0;32m  OK  [0m] Stopped LSB: MD monitoring daemon.
[[0;32m  OK  [0m] Stopped LSB: Set the CPU Frequency Scaling governor to "ondemand".
[[0;32m  OK  [0m] Stopped Virtualbox guest utils.
[[0;32m  OK  [0m] Stopped LSB: automatic crash report generation.
[[0;32m  OK  [0m] Stopped User Manager for UID 1000.
[[0;32m  OK  [0m] Removed slice User Slice of vagrant.
[[0;32m  OK  [0m] Removed slice system-serial\x2dgetty.slice.
[[0;32m  OK  [0m] Stopped /etc/rc.local Compatibility.
         Stopping Permit User Sessions...
[[0;32m  OK  [0m] Removed slice system-getty.slice.
         Stopping Login Service...
[[0;32m  OK  [0m] Stopped Permit User Sessions.
[[0;32m  OK  [0m] Stopped target Remote File Systems.
[[0;32m  OK  [0m] Stopped target Remote File Systems (Pre).
         Stopping Login to default iSCSI targets...
[[0;32m  OK  [0m] Stopped Login Service.
[[0;32m  OK  [0m] Stopped Login to default iSCSI targets.
         Stopping iSCSI initiator daemon (iscsid)...
[[0;32m  OK  [0m] Stopped target User and Group Name Lookups.
[[0;32m  OK  [0m] Stopped target Basic System.
[[0;32m  OK  [0m] Stopped target Paths.
[[0;32m  OK  [0m] Stopped ACPI Events Check.
[[0;32m  OK  [0m] Stopped Dispatch Password Requests to Console Directory Watch.
[[0;32m  OK  [0m] Stopped Forward Password Requests to Wall Directory Watch.
[[0;32m  OK  [0m] Stopped target Slices.
[[0;32m  OK  [0m] Removed slice User and Session Slice.
[[0;32m  OK  [0m] Stopped target Sockets.
[[0;32m  OK  [0m] Closed Socket activation for snappy daemon.
[[0;32m  OK  [0m] Closed LXD - unix socket.
[[0;32m  OK  [0m] Closed UUID daemon activation socket.
[[0;32m  OK  [0m] Closed D-Bus System Message Bus Socket.
[[0;32m  OK  [0m] Closed ACPID Listen Socket.
[[0;32m  OK  [0m] Closed Syslog Socket.
[[0;32m  OK  [0m] Stopped target System Initialization.
[[0;32m  OK  [0m] Stopped Commit a transient machine-id on disk.
[[0;32m  OK  [0m] Stopped target Swap.
[[0;32m  OK  [0m] Stopped target Encrypted Volumes.
[[0;32m  OK  [0m] Stopped Create Volatile Files and Directories.
         Stopping Load/Save Random Seed...
[[0;32m  OK  [0m] Stopped iSCSI initiator daemon (iscsid).
[[0;32m  OK  [0m] Stopped Load/Save Random Seed.
[[0;32m  OK  [0m] Stopped target Network is Online.
[[0;32m  OK  [0m] Stopped Initial cloud-init job (metadata service crawler).
[[0;32m  OK  [0m] Stopped target Network.
         Stopping Raise network interfaces...
[[0;32m  OK  [0m] Stopped Raise network interfaces.
[[0;32m  OK  [0m] Stopped target Local File Systems.
         Unmounting /run/user/1000...
         Unmounting /vagrant...
[[0;32m  OK  [0m] Stopped Apply Kernel Variables.
[[0;32m  OK  [0m] Stopped Load Kernel Modules.
[[0;32m  OK  [0m] Stopped target Network (Pre).
[[0;32m  OK  [0m] Stopped Initial cloud-init job (pre-networking).
[[0;32m  OK  [0m] Unmounted /run/user/1000.
[[0;32m  OK  [0m] Unmounted /vagrant.
[[0;32m  OK  [0m] Reached target Unmount All Filesystems.
[[0;32m  OK  [0m] Stopped target Local File Systems (Pre).
[[0;32m  OK  [0m] Stopped Remount Root and Kernel File Systems.
[[0;32m  OK  [0m] Stopped Create Static Device Nodes in /dev.
[[0;32m  OK  [0m] Reached target Shutdown.
[  270.528524] reboot: Power down
